Archive member included to satisfy reference by file (symbol)

/Users/edmundchan/Library/Application Support/Pebble SDK/SDKs/current/sdk-core/pebble/aplite/lib/libpebble.a(tmp7jpKUopebble.o)
                              src/c/pebble-brew.c.33.o (app_event_loop)
/nix/store/0w054nmny8r8c0wdl8r9zih411vi95h4-newlib-arm-none-eabi-4.3.0.20230120/arm-none-eabi/lib/libc.a(libc_a-exit.o)
                              /nix/store/0w054nmny8r8c0wdl8r9zih411vi95h4-newlib-arm-none-eabi-4.3.0.20230120/arm-none-eabi/lib/crt0.o (exit)
/nix/store/0w054nmny8r8c0wdl8r9zih411vi95h4-newlib-arm-none-eabi-4.3.0.20230120/arm-none-eabi/lib/libc.a(libc_a-findfp.o)
                              /nix/store/0w054nmny8r8c0wdl8r9zih411vi95h4-newlib-arm-none-eabi-4.3.0.20230120/arm-none-eabi/lib/libc.a(libc_a-exit.o) (__stdio_exit_handler)
/nix/store/0w054nmny8r8c0wdl8r9zih411vi95h4-newlib-arm-none-eabi-4.3.0.20230120/arm-none-eabi/lib/libc.a(libc_a-fwalk.o)
                              /nix/store/0w054nmny8r8c0wdl8r9zih411vi95h4-newlib-arm-none-eabi-4.3.0.20230120/arm-none-eabi/lib/libc.a(libc_a-findfp.o) (_fwalk_sglue)
/nix/store/0w054nmny8r8c0wdl8r9zih411vi95h4-newlib-arm-none-eabi-4.3.0.20230120/arm-none-eabi/lib/libc.a(libc_a-stdio.o)
                              /nix/store/0w054nmny8r8c0wdl8r9zih411vi95h4-newlib-arm-none-eabi-4.3.0.20230120/arm-none-eabi/lib/libc.a(libc_a-findfp.o) (__sread)
/nix/store/0w054nmny8r8c0wdl8r9zih411vi95h4-newlib-arm-none-eabi-4.3.0.20230120/arm-none-eabi/lib/libc.a(libc_a-closer.o)
                              /nix/store/0w054nmny8r8c0wdl8r9zih411vi95h4-newlib-arm-none-eabi-4.3.0.20230120/arm-none-eabi/lib/libc.a(libc_a-stdio.o) (_close_r)
/nix/store/0w054nmny8r8c0wdl8r9zih411vi95h4-newlib-arm-none-eabi-4.3.0.20230120/arm-none-eabi/lib/libc.a(libc_a-reent.o)
                              /nix/store/0w054nmny8r8c0wdl8r9zih411vi95h4-newlib-arm-none-eabi-4.3.0.20230120/arm-none-eabi/lib/libc.a(libc_a-closer.o) (errno)
/nix/store/0w054nmny8r8c0wdl8r9zih411vi95h4-newlib-arm-none-eabi-4.3.0.20230120/arm-none-eabi/lib/libc.a(libc_a-impure.o)
                              /nix/store/0w054nmny8r8c0wdl8r9zih411vi95h4-newlib-arm-none-eabi-4.3.0.20230120/arm-none-eabi/lib/libc.a(libc_a-reent.o) (_impure_ptr)
/nix/store/0w054nmny8r8c0wdl8r9zih411vi95h4-newlib-arm-none-eabi-4.3.0.20230120/arm-none-eabi/lib/libc.a(libc_a-lseekr.o)
                              /nix/store/0w054nmny8r8c0wdl8r9zih411vi95h4-newlib-arm-none-eabi-4.3.0.20230120/arm-none-eabi/lib/libc.a(libc_a-stdio.o) (_lseek_r)
/nix/store/0w054nmny8r8c0wdl8r9zih411vi95h4-newlib-arm-none-eabi-4.3.0.20230120/arm-none-eabi/lib/libc.a(libc_a-readr.o)
                              /nix/store/0w054nmny8r8c0wdl8r9zih411vi95h4-newlib-arm-none-eabi-4.3.0.20230120/arm-none-eabi/lib/libc.a(libc_a-stdio.o) (_read_r)
/nix/store/0w054nmny8r8c0wdl8r9zih411vi95h4-newlib-arm-none-eabi-4.3.0.20230120/arm-none-eabi/lib/libc.a(libc_a-writer.o)
                              /nix/store/0w054nmny8r8c0wdl8r9zih411vi95h4-newlib-arm-none-eabi-4.3.0.20230120/arm-none-eabi/lib/libc.a(libc_a-stdio.o) (_write_r)
/nix/store/0w054nmny8r8c0wdl8r9zih411vi95h4-newlib-arm-none-eabi-4.3.0.20230120/arm-none-eabi/lib/libc.a(libc_a-init.o)
                              /nix/store/0w054nmny8r8c0wdl8r9zih411vi95h4-newlib-arm-none-eabi-4.3.0.20230120/arm-none-eabi/lib/crt0.o (__libc_init_array)
/nix/store/0w054nmny8r8c0wdl8r9zih411vi95h4-newlib-arm-none-eabi-4.3.0.20230120/arm-none-eabi/lib/libc.a(libc_a-lock.o)
                              /nix/store/0w054nmny8r8c0wdl8r9zih411vi95h4-newlib-arm-none-eabi-4.3.0.20230120/arm-none-eabi/lib/libc.a(libc_a-findfp.o) (__retarget_lock_init_recursive)
/nix/store/0w054nmny8r8c0wdl8r9zih411vi95h4-newlib-arm-none-eabi-4.3.0.20230120/arm-none-eabi/lib/libc.a(libc_a-freer.o)
                              /nix/store/0w054nmny8r8c0wdl8r9zih411vi95h4-newlib-arm-none-eabi-4.3.0.20230120/arm-none-eabi/lib/libc.a(libc_a-reent.o) (_free_r)
/nix/store/0w054nmny8r8c0wdl8r9zih411vi95h4-newlib-arm-none-eabi-4.3.0.20230120/arm-none-eabi/lib/libc.a(libc_a-mallocr.o)
                              /nix/store/0w054nmny8r8c0wdl8r9zih411vi95h4-newlib-arm-none-eabi-4.3.0.20230120/arm-none-eabi/lib/libc.a(libc_a-findfp.o) (_malloc_r)
/nix/store/0w054nmny8r8c0wdl8r9zih411vi95h4-newlib-arm-none-eabi-4.3.0.20230120/arm-none-eabi/lib/libc.a(libc_a-mlock.o)
                              /nix/store/0w054nmny8r8c0wdl8r9zih411vi95h4-newlib-arm-none-eabi-4.3.0.20230120/arm-none-eabi/lib/libc.a(libc_a-freer.o) (__malloc_lock)
/nix/store/0w054nmny8r8c0wdl8r9zih411vi95h4-newlib-arm-none-eabi-4.3.0.20230120/arm-none-eabi/lib/libc.a(libc_a-fflush.o)
                              /nix/store/0w054nmny8r8c0wdl8r9zih411vi95h4-newlib-arm-none-eabi-4.3.0.20230120/arm-none-eabi/lib/libc.a(libc_a-findfp.o) (_fflush_r)
/nix/store/0w054nmny8r8c0wdl8r9zih411vi95h4-newlib-arm-none-eabi-4.3.0.20230120/arm-none-eabi/lib/libc.a(libc_a-sbrkr.o)
[...]
Memory Configuration

Name             Origin             Length             Attributes
APP              0x00000000         0x00006000         xrw
*default*        0x00000000         0xffffffff

Linker script and memory map

LOAD /nix/store/q4jim3b08wraad80bnjih7wh7zb0k5ld-arm-none-eabi-gcc-13.3.0/lib/gcc/arm-none-eabi/13.3.0/crti.o
LOAD /nix/store/q4jim3b08wraad80bnjih7wh7zb0k5ld-arm-none-eabi-gcc-13.3.0/lib/gcc/arm-none-eabi/13.3.0/crtbegin.o
LOAD /nix/store/0w054nmny8r8c0wdl8r9zih411vi95h4-newlib-arm-none-eabi-4.3.0.20230120/arm-none-eabi/lib/crt0.o
LOAD src/c/frenchpress.c.33.o
LOAD src/c/pebble-brew.c.33.o
LOAD src/c/recipes.c.33.o
LOAD aplite/appinfo.auto.c.33.o
LOAD aplite/src/resource_ids.auto.c.33.o
LOAD src/message_keys.auto.c.33.o
LOAD /Users/edmundchan/Library/Application Support/Pebble SDK/SDKs/current/sdk-core/pebble/aplite/lib/libpebble.a
START GROUP
LOAD /nix/store/q4jim3b08wraad80bnjih7wh7zb0k5ld-arm-none-eabi-gcc-13.3.0/lib/gcc/arm-none-eabi/13.3.0/libgcc.a
LOAD /nix/store/0w054nmny8r8c0wdl8r9zih411vi95h4-newlib-arm-none-eabi-4.3.0.20230120/arm-none-eabi/lib/libc.a
END GROUP
LOAD /nix/store/q4jim3b08wraad80bnjih7wh7zb0k5ld-arm-none-eabi-gcc-13.3.0/lib/gcc/arm-none-eabi/13.3.0/crtend.o
LOAD /nix/store/q4jim3b08wraad80bnjih7wh7zb0k5ld-arm-none-eabi-gcc-13.3.0/lib/gcc/arm-none-eabi/13.3.0/crtn.o

.header         0x00000000       0x82
 *(.pbl_header)
 .pbl_header    0x00000000       0x82 aplite/appinfo.auto.c.33.o
                0x00000000                __pbl_app_info

.note.gnu.build-id
                0x00000082       0x26
                [!provide]                        PROVIDE (BUILD_ID = .)
 *(.note.gnu.build-id)
 *fill*         0x00000082        0x2 
 .note.gnu.build-id
                0x00000084       0x24 linker stubs

.text           0x000000a8      0x5df
 *(.text)
 .text          0x000000a8       0x14 /Users/edmundchan/Library/Application Support/Pebble SDK/SDKs/current/sdk-core/pebble/aplite/lib/libpebble.a(tmp7jpKUopebble.o)
 *(.text.*)
 .text.french_window_unload
                0x000000bc       0x24 src/c/frenchpress.c.33.o
                0x000000bc                french_window_unload
 .text.click_config_provider_french
                0x000000e0       0x10 src/c/frenchpress.c.33.o
 .text.update_text_layer
                0x000000f0       0x60 src/c/frenchpress.c.33.o
                0x000000f0                update_text_layer
 .text.french_window_load
                0x00000150        0xc src/c/frenchpress.c.33.o
                0x00000150                french_window_load
 .text.select_click_handler
                0x0000015c       0x44 src/c/frenchpress.c.33.o
 .text.push_french
                0x000001a0       0x58 src/c/frenchpress.c.33.o
                0x000001a0                push_french
 .text.click_config_provider
                0x000001f8       0x30 src/c/pebble-brew.c.33.o
 .text.select_click_handler
                0x00000228       0x1c src/c/pebble-brew.c.33.o
 .text.update_selection
                0x00000244       0x60 src/c/pebble-brew.c.33.o
 .text.down_click_handler
                0x000002a4       0x20 src/c/pebble-brew.c.33.o
 .text.up_click_handler
                0x000002c4       0x20 src/c/pebble-brew.c.33.o
 .text.main_window_unload
                0x000002e4        0x6 src/c/pebble-brew.c.33.o
 *fill*         0x000002ea        0x2 
 .text.main_window_load
                0x000002ec       0x78 src/c/pebble-brew.c.33.o
 .text.startup.main
                0x00000364       0x68 src/c/pebble-brew.c.33.o
                0x00000364                main
 .text.get_french_press_text_layer
                0x000003cc       0x5c src/c/recipes.c.33.o
                0x000003cc                get_french_press_text_layer
 .text.get_hario_text_layer
                0x00000428       0x5c src/c/recipes.c.33.o
                0x00000428                get_hario_text_layer
 .text.get_aeropress_text_layer
                0x00000484       0x5c src/c/recipes.c.33.o
                0x00000484                get_aeropress_text_layer
 .text.app_event_loop
                0x000004e0        0xc /Users/edmundchan/Library/Application Support/Pebble SDK/SDKs/current/sdk-core/pebble/aplite/lib/libpebble.a(tmp7jpKUopebble.o)
                0x000004e0                app_event_loop
 .text.fonts_get_system_font
                0x000004ec        0xc /Users/edmundchan/Library/Application Support/Pebble SDK/SDKs/current/sdk-core/pebble/aplite/lib/libpebble.a(tmp7jpKUopebble.o)
                0x000004ec                fonts_get_system_font
 .text.layer_add_child
                0x000004f8        0xc /Users/edmundchan/Library/Application Support/Pebble SDK/SDKs/current/sdk-core/pebble/aplite/lib/libpebble.a(tmp7jpKUopebble.o)
                0x000004f8                layer_add_child
 .text.layer_get_bounds
                0x00000504        0xc /Users/edmundchan/Library/Application Support/Pebble SDK/SDKs/current/sdk-core/pebble/aplite/lib/libpebble.a(tmp7jpKUopebble.o)
                0x00000504                layer_get_bounds
 .text.window_create
                0x00000510        0xc /Users/edmundchan/Library/Application Support/Pebble SDK/SDKs/current/sdk-core/pebble/aplite/lib/libpebble.a(tmp7jpKUopebble.o)
                0x00000510                window_create
 .text.window_destroy
                0x0000051c        0xc /Users/edmundchan/Library/Application Support/Pebble SDK/SDKs/current/sdk-core/pebble/aplite/lib/libpebble.a(tmp7jpKUopebble.o)
                0x0000051c                window_destroy
 .text.window_get_root_layer
                0x00000528        0xc /Users/edmundchan/Library/Application Support/Pebble SDK/SDKs/current/sdk-core/pebble/aplite/lib/libpebble.a(tmp7jpKUopebble.o)
                0x00000528                window_get_root_layer
 .text.window_set_click_config_provider
                0x00000534        0xc /Users/edmundchan/Library/Application Support/Pebble SDK/SDKs/current/sdk-core/pebble/aplite/lib/libpebble.a(tmp7jpKUopebble.o)
                0x00000534                window_set_click_config_provider
 .text.window_set_window_handlers
                0x00000540        0xc /Users/edmundchan/Library/Application Support/Pebble SDK/SDKs/current/sdk-core/pebble/aplite/lib/libpebble.a(tmp7jpKUopebble.o)
                0x00000540                window_set_window_handlers
 .text.window_stack_push
                0x0000054c        0xc /Users/edmundchan/Library/Application Support/Pebble SDK/SDKs/current/sdk-core/pebble/aplite/lib/libpebble.a(tmp7jpKUopebble.o)
                0x0000054c                window_stack_push
 .text.window_single_click_subscribe
                0x00000558        0xc /Users/edmundchan/Library/Application Support/Pebble SDK/SDKs/current/sdk-core/pebble/aplite/lib/libpebble.a(tmp7jpKUopebble.o)
                0x00000558                window_single_click_subscribe
 .text.text_layer_create
                0x00000564        0xc /Users/edmundchan/Library/Application Support/Pebble SDK/SDKs/current/sdk-core/pebble/aplite/lib/libpebble.a(tmp7jpKUopebble.o)
                0x00000564                text_layer_create
 .text.text_layer_destroy
                0x00000570        0xc /Users/edmundchan/Library/Application Support/Pebble SDK/SDKs/current/sdk-core/pebble/aplite/lib/libpebble.a(tmp7jpKUopebble.o)
                0x00000570                text_layer_destroy
 .text.text_layer_get_layer
                0x0000057c        0xc /Users/edmundchan/Library/Application Support/Pebble SDK/SDKs/current/sdk-core/pebble/aplite/lib/libpebble.a(tmp7jpKUopebble.o)
                0x0000057c                text_layer_get_layer
 .text.text_layer_set_background_color
                0x00000588        0xc /Users/edmundchan/Library/Application Support/Pebble SDK/SDKs/current/sdk-core/pebble/aplite/lib/libpebble.a(tmp7jpKUopebble.o)
                0x00000588                text_layer_set_background_color
 .text.text_layer_set_font
                0x00000594        0xc /Users/edmundchan/Library/Application Support/Pebble SDK/SDKs/current/sdk-core/pebble/aplite/lib/libpebble.a(tmp7jpKUopebble.o)
                0x00000594                text_layer_set_font
 .text.text_layer_set_text
                0x000005a0        0xc /Users/edmundchan/Library/Application Support/Pebble SDK/SDKs/current/sdk-core/pebble/aplite/lib/libpebble.a(tmp7jpKUopebble.o)
                0x000005a0                text_layer_set_text
 .text.text_layer_set_text_alignment
                0x000005ac        0xc /Users/edmundchan/Library/Application Support/Pebble SDK/SDKs/current/sdk-core/pebble/aplite/lib/libpebble.a(tmp7jpKUopebble.o)
                0x000005ac                text_layer_set_text_alignment
 .text.text_layer_set_text_color
                0x000005b8        0xc /Users/edmundchan/Library/Application Support/Pebble SDK/SDKs/current/sdk-core/pebble/aplite/lib/libpebble.a(tmp7jpKUopebble.o)
                0x000005b8                text_layer_set_text_color
 *(.rodata)
 *(.rodata*)
 .rodata.french_window_load.str1.1
                0x000005c4       0xc3 src/c/frenchpress.c.33.o
                                 0x2e (size before relaxing)
 .rodata.select_click_handler.str1.1
                0x00000687       0x59 src/c/frenchpress.c.33.o
 .rodata.get_french_press_text_layer.str1.1
                0x00000687        0xd src/c/recipes.c.33.o
 .rodata.get_hario_text_layer.str1.1
                0x00000687        0xa src/c/recipes.c.33.o
 .rodata.get_aeropress_text_layer.str1.1
                0x00000687        0xa src/c/recipes.c.33.o
 .rodata.str1.1
                0x00000687       0x1b src/c/recipes.c.33.o

.glue_7         0x00000688        0x0
 .glue_7        0x00000688        0x0 linker stubs

.glue_7t        0x00000688        0x0
 .glue_7t       0x00000688        0x0 linker stubs

.vfp11_veneer   0x00000688        0x0
 .vfp11_veneer  0x00000688        0x0 linker stubs

.v4_bx          0x00000688        0x0
 .v4_bx         0x00000688        0x0 linker stubs

.init           0x00000688        0xc
 .init          0x00000688        0xc /nix/store/q4jim3b08wraad80bnjih7wh7zb0k5ld-arm-none-eabi-gcc-13.3.0/lib/gcc/arm-none-eabi/13.3.0/crti.o
                0x00000688                _init

.fini           0x00000694        0xc
 .fini          0x00000694        0xc /nix/store/q4jim3b08wraad80bnjih7wh7zb0k5ld-arm-none-eabi-gcc-13.3.0/lib/gcc/arm-none-eabi/13.3.0/crti.o
                0x00000694                _fini

.iplt           0x000006a0        0x0
 .iplt          0x000006a0        0x0 src/c/frenchpress.c.33.o

.rel.dyn        0x000006a0        0x0
 .rel.iplt      0x000006a0        0x0 src/c/frenchpress.c.33.o

.data           0x000006a0       0x6c
 *(.data)
 .data          0x000006a0        0x0 /nix/store/q4jim3b08wraad80bnjih7wh7zb0k5ld-arm-none-eabi-gcc-13.3.0/lib/gcc/arm-none-eabi/13.3.0/crti.o
 .data          0x000006a0        0x4 /nix/store/q4jim3b08wraad80bnjih7wh7zb0k5ld-arm-none-eabi-gcc-13.3.0/lib/gcc/arm-none-eabi/13.3.0/crtbegin.o
                0x000006a0                __dso_handle
 .data          0x000006a4        0x0 /nix/store/0w054nmny8r8c0wdl8r9zih411vi95h4-newlib-arm-none-eabi-4.3.0.20230120/arm-none-eabi/lib/crt0.o
 .data          0x000006a4        0x0 src/c/frenchpress.c.33.o
 .data          0x000006a4        0x0 src/c/pebble-brew.c.33.o
 .data          0x000006a4        0x0 src/c/recipes.c.33.o
 .data          0x000006a4        0x0 aplite/appinfo.auto.c.33.o
 .data          0x000006a4        0x0 aplite/src/resource_ids.auto.c.33.o
 .data          0x000006a4        0x0 src/message_keys.auto.c.33.o
 .data          0x000006a4        0x0 /Users/edmundchan/Library/Application Support/Pebble SDK/SDKs/current/sdk-core/pebble/aplite/lib/libpebble.a(tmp7jpKUopebble.o)
 .data          0x000006a4        0x0 /nix/store/0w054nmny8r8c0wdl8r9zih411vi95h4-newlib-arm-none-eabi-4.3.0.20230120/arm-none-eabi/lib/libc.a(libc_a-exit.o)
 .data          0x000006a4        0xc /nix/store/0w054nmny8r8c0wdl8r9zih411vi95h4-newlib-arm-none-eabi-4.3.0.20230120/arm-none-eabi/lib/libc.a(libc_a-findfp.o)
                0x000006a4                __sglue
 .data          0x000006b0        0x0 /nix/store/0w054nmny8r8c0wdl8r9zih411vi95h4-newlib-arm-none-eabi-4.3.0.20230120/arm-none-eabi/lib/libc.a(libc_a-fwalk.o)
 .data          0x000006b0        0x0 /nix/store/0w054nmny8r8c0wdl8r9zih411vi95h4-newlib-arm-none-eabi-4.3.0.20230120/arm-none-eabi/lib/libc.a(libc_a-stdio.o)
 .data          0x000006b0        0x0 /nix/store/0w054nmny8r8c0wdl8r9zih411vi95h4-newlib-arm-none-eabi-4.3.0.20230120/arm-none-eabi/lib/libc.a(libc_a-closer.o)
 .data          0x000006b0        0x0 /nix/store/0w054nmny8r8c0wdl8r9zih411vi95h4-newlib-arm-none-eabi-4.3.0.20230120/arm-none-eabi/lib/libc.a(libc_a-reent.o)
 .data          0x000006b0       0x50 /nix/store/0w054nmny8r8c0wdl8r9zih411vi95h4-newlib-arm-none-eabi-4.3.0.20230120/arm-none-eabi/lib/libc.a(libc_a-impure.o)
                0x000006b0                _impure_ptr
                0x000006b4                _impure_data
 .data          0x00000700        0x0 /nix/store/0w054nmny8r8c0wdl8r9zih411vi95h4-newlib-arm-none-eabi-4.3.0.20230120/arm-none-eabi/lib/libc.a(libc_a-lseekr.o)
 .data          0x00000700        0x0 /nix/store/0w054nmny8r8c0wdl8r9zih411vi95h4-newlib-arm-none-eabi-4.3.0.20230120/arm-none-eabi/lib/libc.a(libc_a-readr.o)
 .data          0x00000700        0x0 /nix/store/0w054nmny8r8c0wdl8r9zih411vi95h4-newlib-arm-none-eabi-4.3.0.20230120/arm-none-eabi/lib/libc.a(libc_a-writer.o)
 .data          0x00000700        0x0 /nix/store/0w054nmny8r8c0wdl8r9zih411vi95h4-newlib-arm-none-eabi-4.3.0.20230120/arm-none-eabi/lib/libc.a(libc_a-init.o)
 .data          0x00000700        0x0 /nix/store/0w054nmny8r8c0wdl8r9zih411vi95h4-newlib-arm-none-eabi-4.3.0.20230120/arm-none-eabi/lib/libc.a(libc_a-lock.o)
 .data          0x00000700        0x0 /nix/store/0w054nmny8r8c0wdl8r9zih411vi95h4-newlib-arm-none-eabi-4.3.0.20230120/arm-none-eabi/lib/libc.a(libc_a-freer.o)
 .data          0x00000700        0x0 /nix/store/0w054nmny8r8c0wdl8r9zih411vi95h4-newlib-arm-none-eabi-4.3.0.20230120/arm-none-eabi/lib/libc.a(libc_a-mallocr.o)
 .data          0x00000700        0x0 /nix/store/0w054nmny8r8c0wdl8r9zih411vi95h4-newlib-arm-none-eabi-4.3.0.20230120/arm-none-eabi/lib/libc.a(libc_a-mlock.o)
 .data          0x00000700        0x0 /nix/store/0w054nmny8r8c0wdl8r9zih411vi95h4-newlib-arm-none-eabi-4.3.0.20230120/arm-none-eabi/lib/libc.a(libc_a-fflush.o)
 .data          0x00000700        0x0 /nix/store/0w054nmny8r8c0wdl8r9zih411vi95h4-newlib-arm-none-eabi-4.3.0.20230120/arm-none-eabi/lib/libc.a(libc_a-sbrkr.o)
 .data          0x00000700        0x0 /nix/store/q4jim3b08wraad80bnjih7wh7zb0k5ld-arm-none-eabi-gcc-13.3.0/lib/gcc/arm-none-eabi/13.3.0/crtend.o
 .data          0x00000700        0x0 /nix/store/q4jim3b08wraad80bnjih7wh7zb0k5ld-arm-none-eabi-gcc-13.3.0/lib/gcc/arm-none-eabi/13.3.0/crtn.o
 *(.data.*)
 .data.s_current_layer
                0x00000700        0x4 src/c/frenchpress.c.33.o
 .data.s_selected_layer
                0x00000704        0x4 src/c/pebble-brew.c.33.o
 .data.rel.local.font
                0x00000708        0x4 src/c/recipes.c.33.o
                0x00000708                font

.igot.plt       0x0000070c        0x0
 .igot.plt      0x0000070c        0x0 src/c/frenchpress.c.33.o

.bss            0x0000070c      0x154
 *(.bss)
 .bss           0x0000070c      0x13c /nix/store/0w054nmny8r8c0wdl8r9zih411vi95h4-newlib-arm-none-eabi-4.3.0.20230120/arm-none-eabi/lib/libc.a(libc_a-findfp.o)
                0x0000070c                __sf
                0x00000844                __stdio_exit_handler
 *(.bss.*)
 .bss.s_french_window
                0x00000848        0x4 src/c/frenchpress.c.33.o
 .bss.text_layer_array
                0x0000084c        0xc src/c/pebble-brew.c.33.o
 .bss.s_french_window_copy
                0x00000858        0x4 src/c/pebble-brew.c.33.o
 .bss.s_main_window
                0x0000085c        0x4 src/c/pebble-brew.c.33.o

DISCARD
 libc.a(*)
 libm.a(*)
 libgcc.a(*)
 *(.eh_frame)
OUTPUT(/Users/edmundchan/Desktop/pebble-dev/pebble-brew/build/aplite/pebble-app.elf elf32-littlearm)
LOAD linker stubs
LOAD /nix/store/0w054nmny8r8c0wdl8r9zih411vi95h4-newlib-arm-none-eabi-4.3.0.20230120/arm-none-eabi/lib/libc.a
LOAD /nix/store/0w054nmny8r8c0wdl8r9zih411vi95h4-newlib-arm-none-eabi-4.3.0.20230120/arm-none-eabi/lib/libm.a
LOAD /nix/store/q4jim3b08wraad80bnjih7wh7zb0k5ld-arm-none-eabi-gcc-13.3.0/lib/gcc/arm-none-eabi/13.3.0/libgcc.a

.ARM.attributes
                0x00000000       0x2b
 .ARM.attributes
                0x00000000       0x1c /nix/store/q4jim3b08wraad80bnjih7wh7zb0k5ld-arm-none-eabi-gcc-13.3.0/lib/gcc/arm-none-eabi/13.3.0/crti.o
 .ARM.attributes
                0x0000001c       0x2a /nix/store/q4jim3b08wraad80bnjih7wh7zb0k5ld-arm-none-eabi-gcc-13.3.0/lib/gcc/arm-none-eabi/13.3.0/crtbegin.o
 .ARM.attributes
                0x00000046       0x1a /nix/store/0w054nmny8r8c0wdl8r9zih411vi95h4-newlib-arm-none-eabi-4.3.0.20230120/arm-none-eabi/lib/crt0.o
 .ARM.attributes
                0x00000060       0x2d src/c/frenchpress.c.33.o
 .ARM.attributes
                0x0000008d       0x2d src/c/pebble-brew.c.33.o
 .ARM.attributes
                0x000000ba       0x2d src/c/recipes.c.33.o
 .ARM.attributes
                0x000000e7       0x2d aplite/appinfo.auto.c.33.o
 .ARM.attributes
                0x00000114       0x2d aplite/src/resource_ids.auto.c.33.o
 .ARM.attributes
                0x00000141       0x2d src/message_keys.auto.c.33.o
 .ARM.attributes
                0x0000016e       0x21 /Users/edmundchan/Library/Application Support/Pebble SDK/SDKs/current/sdk-core/pebble/aplite/lib/libpebble.a(tmp7jpKUopebble.o)
 .ARM.attributes
                0x0000018f       0x2a /nix/store/0w054nmny8r8c0wdl8r9zih411vi95h4-newlib-arm-none-eabi-4.3.0.20230120/arm-none-eabi/lib/libc.a(libc_a-exit.o)
 .ARM.attributes
                0x000001b9       0x2a /nix/store/0w054nmny8r8c0wdl8r9zih411vi95h4-newlib-arm-none-eabi-4.3.0.20230120/arm-none-eabi/lib/libc.a(libc_a-findfp.o)
 .ARM.attributes
                0x000001e3       0x2a /nix/store/0w054nmny8r8c0wdl8r9zih411vi95h4-newlib-arm-none-eabi-4.3.0.20230120/arm-none-eabi/lib/libc.a(libc_a-fwalk.o)
 .ARM.attributes
                0x0000020d       0x2a /nix/store/0w054nmny8r8c0wdl8r9zih411vi95h4-newlib-arm-none-eabi-4.3.0.20230120/arm-none-eabi/lib/libc.a(libc_a-stdio.o)
 .ARM.attributes
                0x00000237       0x2a /nix/store/0w054nmny8r8c0wdl8r9zih411vi95h4-newlib-arm-none-eabi-4.3.0.20230120/arm-none-eabi/lib/libc.a(libc_a-closer.o)
 .ARM.attributes
                0x00000261       0x2a /nix/store/0w054nmny8r8c0wdl8r9zih411vi95h4-newlib-arm-none-eabi-4.3.0.20230120/arm-none-eabi/lib/libc.a(libc_a-reent.o)
 .ARM.attributes
                0x0000028b       0x2a /nix/store/0w054nmny8r8c0wdl8r9zih411vi95h4-newlib-arm-none-eabi-4.3.0.20230120/arm-none-eabi/lib/libc.a(libc_a-impure.o)
 .ARM.attributes
                0x000002b5       0x2a /nix/store/0w054nmny8r8c0wdl8r9zih411vi95h4-newlib-arm-none-eabi-4.3.0.20230120/arm-none-eabi/lib/libc.a(libc_a-lseekr.o)
 .ARM.attributes
                0x000002df       0x2a /nix/store/0w054nmny8r8c0wdl8r9zih411vi95h4-newlib-arm-none-eabi-4.3.0.20230120/arm-none-eabi/lib/libc.a(libc_a-readr.o)
 .ARM.attributes
                0x00000309       0x2a /nix/store/0w054nmny8r8c0wdl8r9zih411vi95h4-newlib-arm-none-eabi-4.3.0.20230120/arm-none-eabi/lib/libc.a(libc_a-writer.o)
 .ARM.attributes
                0x00000333       0x2a /nix/store/0w054nmny8r8c0wdl8r9zih411vi95h4-newlib-arm-none-eabi-4.3.0.20230120/arm-none-eabi/lib/libc.a(libc_a-init.o)
 .ARM.attributes
                0x0000035d       0x2a /nix/store/0w054nmny8r8c0wdl8r9zih411vi95h4-newlib-arm-none-eabi-4.3.0.20230120/arm-none-eabi/lib/libc.a(libc_a-lock.o)
 .ARM.attributes
                0x00000387       0x2a /nix/store/0w054nmny8r8c0wdl8r9zih411vi95h4-newlib-arm-none-eabi-4.3.0.20230120/arm-none-eabi/lib/libc.a(libc_a-freer.o)
 .ARM.attributes
                0x000003b1       0x2a /nix/store/0w054nmny8r8c0wdl8r9zih411vi95h4-newlib-arm-none-eabi-4.3.0.20230120/arm-none-eabi/lib/libc.a(libc_a-mallocr.o)
 .ARM.attributes
                0x000003db       0x2a /nix/store/0w054nmny8r8c0wdl8r9zih411vi95h4-newlib-arm-none-eabi-4.3.0.20230120/arm-none-eabi/lib/libc.a(libc_a-mlock.o)
 .ARM.attributes
                0x00000405       0x2a /nix/store/0w054nmny8r8c0wdl8r9zih411vi95h4-newlib-arm-none-eabi-4.3.0.20230120/arm-none-eabi/lib/libc.a(libc_a-fflush.o)
 .ARM.attributes
                0x0000042f       0x2a /nix/store/0w054nmny8r8c0wdl8r9zih411vi95h4-newlib-arm-none-eabi-4.3.0.20230120/arm-none-eabi/lib/libc.a(libc_a-sbrkr.o)
 .ARM.attributes
                0x00000459       0x2a /nix/store/q4jim3b08wraad80bnjih7wh7zb0k5ld-arm-none-eabi-gcc-13.3.0/lib/gcc/arm-none-eabi/13.3.0/crtend.o
 .ARM.attributes
                0x00000483       0x1c /nix/store/q4jim3b08wraad80bnjih7wh7zb0k5ld-arm-none-eabi-gcc-13.3.0/lib/gcc/arm-none-eabi/13.3.0/crtn.o

.comment        0x00000000       0x12
 .comment       0x00000000       0x12 /nix/store/q4jim3b08wraad80bnjih7wh7zb0k5ld-arm-none-eabi-gcc-13.3.0/lib/gcc/arm-none-eabi/13.3.0/crtbegin.o
                                 0x13 (size before relaxing)
 .comment       0x00000012       0x13 src/c/frenchpress.c.33.o
 .comment       0x00000012       0x13 src/c/pebble-brew.c.33.o
 .comment       0x00000012       0x13 src/c/recipes.c.33.o
 .comment       0x00000012       0x13 aplite/appinfo.auto.c.33.o
 .comment       0x00000012       0x13 aplite/src/resource_ids.auto.c.33.o
 .comment       0x00000012       0x13 src/message_keys.auto.c.33.o
 .comment       0x00000012       0x13 /nix/store/0w054nmny8r8c0wdl8r9zih411vi95h4-newlib-arm-none-eabi-4.3.0.20230120/arm-none-eabi/lib/libc.a(libc_a-exit.o)
 .comment       0x00000012       0x13 /nix/store/0w054nmny8r8c0wdl8r9zih411vi95h4-newlib-arm-none-eabi-4.3.0.20230120/arm-none-eabi/lib/libc.a(libc_a-findfp.o)
 .comment       0x00000012       0x13 /nix/store/0w054nmny8r8c0wdl8r9zih411vi95h4-newlib-arm-none-eabi-4.3.0.20230120/arm-none-eabi/lib/libc.a(libc_a-fwalk.o)
 .comment       0x00000012       0x13 /nix/store/0w054nmny8r8c0wdl8r9zih411vi95h4-newlib-arm-none-eabi-4.3.0.20230120/arm-none-eabi/lib/libc.a(libc_a-stdio.o)
 .comment       0x00000012       0x13 /nix/store/0w054nmny8r8c0wdl8r9zih411vi95h4-newlib-arm-none-eabi-4.3.0.20230120/arm-none-eabi/lib/libc.a(libc_a-closer.o)
 .comment       0x00000012       0x13 /nix/store/0w054nmny8r8c0wdl8r9zih411vi95h4-newlib-arm-none-eabi-4.3.0.20230120/arm-none-eabi/lib/libc.a(libc_a-reent.o)
 .comment       0x00000012       0x13 /nix/store/0w054nmny8r8c0wdl8r9zih411vi95h4-newlib-arm-none-eabi-4.3.0.20230120/arm-none-eabi/lib/libc.a(libc_a-impure.o)
 .comment       0x00000012       0x13 /nix/store/0w054nmny8r8c0wdl8r9zih411vi95h4-newlib-arm-none-eabi-4.3.0.20230120/arm-none-eabi/lib/libc.a(libc_a-lseekr.o)
 .comment       0x00000012       0x13 /nix/store/0w054nmny8r8c0wdl8r9zih411vi95h4-newlib-arm-none-eabi-4.3.0.20230120/arm-none-eabi/lib/libc.a(libc_a-readr.o)
 .comment       0x00000012       0x13 /nix/store/0w054nmny8r8c0wdl8r9zih411vi95h4-newlib-arm-none-eabi-4.3.0.20230120/arm-none-eabi/lib/libc.a(libc_a-writer.o)
 .comment       0x00000012       0x13 /nix/store/0w054nmny8r8c0wdl8r9zih411vi95h4-newlib-arm-none-eabi-4.3.0.20230120/arm-none-eabi/lib/libc.a(libc_a-init.o)
 .comment       0x00000012       0x13 /nix/store/0w054nmny8r8c0wdl8r9zih411vi95h4-newlib-arm-none-eabi-4.3.0.20230120/arm-none-eabi/lib/libc.a(libc_a-lock.o)
 .comment       0x00000012       0x13 /nix/store/0w054nmny8r8c0wdl8r9zih411vi95h4-newlib-arm-none-eabi-4.3.0.20230120/arm-none-eabi/lib/libc.a(libc_a-freer.o)
 .comment       0x00000012       0x13 /nix/store/0w054nmny8r8c0wdl8r9zih411vi95h4-newlib-arm-none-eabi-4.3.0.20230120/arm-none-eabi/lib/libc.a(libc_a-mallocr.o)
 .comment       0x00000012       0x13 /nix/store/0w054nmny8r8c0wdl8r9zih411vi95h4-newlib-arm-none-eabi-4.3.0.20230120/arm-none-eabi/lib/libc.a(libc_a-mlock.o)
 .comment       0x00000012       0x13 /nix/store/0w054nmny8r8c0wdl8r9zih411vi95h4-newlib-arm-none-eabi-4.3.0.20230120/arm-none-eabi/lib/libc.a(libc_a-fflush.o)
 .comment       0x00000012       0x13 /nix/store/0w054nmny8r8c0wdl8r9zih411vi95h4-newlib-arm-none-eabi-4.3.0.20230120/arm-none-eabi/lib/libc.a(libc_a-sbrkr.o)
 .comment       0x00000012       0x13 /nix/store/q4jim3b08wraad80bnjih7wh7zb0k5ld-arm-none-eabi-gcc-13.3.0/lib/gcc/arm-none-eabi/13.3.0/crtend.o

.debug_line     0x00000000     0x3a10
 .debug_line    0x00000000       0x9b /nix/store/0w054nmny8r8c0wdl8r9zih411vi95h4-newlib-arm-none-eabi-4.3.0.20230120/arm-none-eabi/lib/crt0.o
 .debug_line    0x0000009b      0x2a6 src/c/frenchpress.c.33.o
 .debug_line    0x00000341      0x406 src/c/pebble-brew.c.33.o
 .debug_line    0x00000747      0x223 src/c/recipes.c.33.o
 .debug_line    0x0000096a      0x19f aplite/appinfo.auto.c.33.o
 .debug_line    0x00000b09       0x3f aplite/src/resource_ids.auto.c.33.o
 .debug_line    0x00000b48      0x123 src/message_keys.auto.c.33.o
 .debug_line    0x00000c6b      0x179 /nix/store/0w054nmny8r8c0wdl8r9zih411vi95h4-newlib-arm-none-eabi-4.3.0.20230120/arm-none-eabi/lib/libc.a(libc_a-exit.o)
 .debug_line    0x00000de4      0x726 /nix/store/0w054nmny8r8c0wdl8r9zih411vi95h4-newlib-arm-none-eabi-4.3.0.20230120/arm-none-eabi/lib/libc.a(libc_a-findfp.o)
 .debug_line    0x0000150a      0x25e /nix/store/0w054nmny8r8c0wdl8r9zih411vi95h4-newlib-arm-none-eabi-4.3.0.20230120/arm-none-eabi/lib/libc.a(libc_a-fwalk.o)
 .debug_line    0x00001768      0x2be /nix/store/0w054nmny8r8c0wdl8r9zih411vi95h4-newlib-arm-none-eabi-4.3.0.20230120/arm-none-eabi/lib/libc.a(libc_a-stdio.o)
 .debug_line    0x00001a26      0x228 /nix/store/0w054nmny8r8c0wdl8r9zih411vi95h4-newlib-arm-none-eabi-4.3.0.20230120/arm-none-eabi/lib/libc.a(libc_a-closer.o)
 .debug_line    0x00001c4e      0x2f2 /nix/store/0w054nmny8r8c0wdl8r9zih411vi95h4-newlib-arm-none-eabi-4.3.0.20230120/arm-none-eabi/lib/libc.a(libc_a-reent.o)
 .debug_line    0x00001f40      0x150 /nix/store/0w054nmny8r8c0wdl8r9zih411vi95h4-newlib-arm-none-eabi-4.3.0.20230120/arm-none-eabi/lib/libc.a(libc_a-impure.o)
 .debug_line    0x00002090      0x225 /nix/store/0w054nmny8r8c0wdl8r9zih411vi95h4-newlib-arm-none-eabi-4.3.0.20230120/arm-none-eabi/lib/libc.a(libc_a-lseekr.o)
 .debug_line    0x000022b5      0x224 /nix/store/0w054nmny8r8c0wdl8r9zih411vi95h4-newlib-arm-none-eabi-4.3.0.20230120/arm-none-eabi/lib/libc.a(libc_a-readr.o)
 .debug_line    0x000024d9      0x225 /nix/store/0w054nmny8r8c0wdl8r9zih411vi95h4-newlib-arm-none-eabi-4.3.0.20230120/arm-none-eabi/lib/libc.a(libc_a-writer.o)
 .debug_line    0x000026fe      0x156 /nix/store/0w054nmny8r8c0wdl8r9zih411vi95h4-newlib-arm-none-eabi-4.3.0.20230120/arm-none-eabi/lib/libc.a(libc_a-init.o)
 .debug_line    0x00002854       0xf4 /nix/store/0w054nmny8r8c0wdl8r9zih411vi95h4-newlib-arm-none-eabi-4.3.0.20230120/arm-none-eabi/lib/libc.a(libc_a-lock.o)
 .debug_line    0x00002948      0x312 /nix/store/0w054nmny8r8c0wdl8r9zih411vi95h4-newlib-arm-none-eabi-4.3.0.20230120/arm-none-eabi/lib/libc.a(libc_a-freer.o)
 .debug_line    0x00002c5a      0x507 /nix/store/0w054nmny8r8c0wdl8r9zih411vi95h4-newlib-arm-none-eabi-4.3.0.20230120/arm-none-eabi/lib/libc.a(libc_a-mallocr.o)
 .debug_line    0x00003161      0x1f6 /nix/store/0w054nmny8r8c0wdl8r9zih411vi95h4-newlib-arm-none-eabi-4.3.0.20230120/arm-none-eabi/lib/libc.a(libc_a-mlock.o)
 .debug_line    0x00003357      0x48d /nix/store/0w054nmny8r8c0wdl8r9zih411vi95h4-newlib-arm-none-eabi-4.3.0.20230120/arm-none-eabi/lib/libc.a(libc_a-fflush.o)
 .debug_line    0x000037e4      0x22c /nix/store/0w054nmny8r8c0wdl8r9zih411vi95h4-newlib-arm-none-eabi-4.3.0.20230120/arm-none-eabi/lib/libc.a(libc_a-sbrkr.o)

.debug_line_str
                0x00000000       0x8a
 .debug_line_str
                0x00000000       0x8a /nix/store/0w054nmny8r8c0wdl8r9zih411vi95h4-newlib-arm-none-eabi-4.3.0.20230120/arm-none-eabi/lib/crt0.o

.debug_info     0x00000000     0x94e9
 .debug_info    0x00000000       0x25 /nix/store/0w054nmny8r8c0wdl8r9zih411vi95h4-newlib-arm-none-eabi-4.3.0.20230120/arm-none-eabi/lib/crt0.o
 .debug_info    0x00000025      0x5d4 src/c/frenchpress.c.33.o
 .debug_info    0x000005f9      0x70d src/c/pebble-brew.c.33.o
 .debug_info    0x00000d06      0x37c src/c/recipes.c.33.o
 .debug_info    0x00001082      0x2fc aplite/appinfo.auto.c.33.o
 .debug_info    0x0000137e       0x6c aplite/src/resource_ids.auto.c.33.o
 .debug_info    0x000013ea       0x96 src/message_keys.auto.c.33.o
 .debug_info    0x00001480      0x11b /nix/store/0w054nmny8r8c0wdl8r9zih411vi95h4-newlib-arm-none-eabi-4.3.0.20230120/arm-none-eabi/lib/libc.a(libc_a-exit.o)
 .debug_info    0x0000159b     0x10e2 /nix/store/0w054nmny8r8c0wdl8r9zih411vi95h4-newlib-arm-none-eabi-4.3.0.20230120/arm-none-eabi/lib/libc.a(libc_a-findfp.o)
 .debug_info    0x0000267d      0x7d2 /nix/store/0w054nmny8r8c0wdl8r9zih411vi95h4-newlib-arm-none-eabi-4.3.0.20230120/arm-none-eabi/lib/libc.a(libc_a-fwalk.o)
 .debug_info    0x00002e4f      0xa7c /nix/store/0w054nmny8r8c0wdl8r9zih411vi95h4-newlib-arm-none-eabi-4.3.0.20230120/arm-none-eabi/lib/libc.a(libc_a-stdio.o)
 .debug_info    0x000038cb      0x75c /nix/store/0w054nmny8r8c0wdl8r9zih411vi95h4-newlib-arm-none-eabi-4.3.0.20230120/arm-none-eabi/lib/libc.a(libc_a-closer.o)
 .debug_info    0x00004027      0x863 /nix/store/0w054nmny8r8c0wdl8r9zih411vi95h4-newlib-arm-none-eabi-4.3.0.20230120/arm-none-eabi/lib/libc.a(libc_a-reent.o)
 .debug_info    0x0000488a      0x715 /nix/store/0w054nmny8r8c0wdl8r9zih411vi95h4-newlib-arm-none-eabi-4.3.0.20230120/arm-none-eabi/lib/libc.a(libc_a-impure.o)
 .debug_info    0x00004f9f      0x7a8 /nix/store/0w054nmny8r8c0wdl8r9zih411vi95h4-newlib-arm-none-eabi-4.3.0.20230120/arm-none-eabi/lib/libc.a(libc_a-lseekr.o)
 .debug_info    0x00005747      0x7bf /nix/store/0w054nmny8r8c0wdl8r9zih411vi95h4-newlib-arm-none-eabi-4.3.0.20230120/arm-none-eabi/lib/libc.a(libc_a-readr.o)
 .debug_info    0x00005f06      0x7c5 /nix/store/0w054nmny8r8c0wdl8r9zih411vi95h4-newlib-arm-none-eabi-4.3.0.20230120/arm-none-eabi/lib/libc.a(libc_a-writer.o)
 .debug_info    0x000066cb      0x10b /nix/store/0w054nmny8r8c0wdl8r9zih411vi95h4-newlib-arm-none-eabi-4.3.0.20230120/arm-none-eabi/lib/libc.a(libc_a-init.o)
 .debug_info    0x000067d6      0x218 /nix/store/0w054nmny8r8c0wdl8r9zih411vi95h4-newlib-arm-none-eabi-4.3.0.20230120/arm-none-eabi/lib/libc.a(libc_a-lock.o)
 .debug_info    0x000069ee      0x874 /nix/store/0w054nmny8r8c0wdl8r9zih411vi95h4-newlib-arm-none-eabi-4.3.0.20230120/arm-none-eabi/lib/libc.a(libc_a-freer.o)
 .debug_info    0x00007262      0x9ae /nix/store/0w054nmny8r8c0wdl8r9zih411vi95h4-newlib-arm-none-eabi-4.3.0.20230120/arm-none-eabi/lib/libc.a(libc_a-mallocr.o)
 .debug_info    0x00007c10      0x76b /nix/store/0w054nmny8r8c0wdl8r9zih411vi95h4-newlib-arm-none-eabi-4.3.0.20230120/arm-none-eabi/lib/libc.a(libc_a-mlock.o)
 .debug_info    0x0000837b      0x9ec /nix/store/0w054nmny8r8c0wdl8r9zih411vi95h4-newlib-arm-none-eabi-4.3.0.20230120/arm-none-eabi/lib/libc.a(libc_a-fflush.o)
 .debug_info    0x00008d67      0x782 /nix/store/0w054nmny8r8c0wdl8r9zih411vi95h4-newlib-arm-none-eabi-4.3.0.20230120/arm-none-eabi/lib/libc.a(libc_a-sbrkr.o)

.debug_abbrev   0x00000000     0x2732
 .debug_abbrev  0x00000000       0x14 /nix/store/0w054nmny8r8c0wdl8r9zih411vi95h4-newlib-arm-none-eabi-4.3.0.20230120/arm-none-eabi/lib/crt0.o
 .debug_abbrev  0x00000014      0x24a src/c/frenchpress.c.33.o
 .debug_abbrev  0x0000025e      0x2c4 src/c/pebble-brew.c.33.o
 .debug_abbrev  0x00000522      0x172 src/c/recipes.c.33.o
 .debug_abbrev  0x00000694       0xb0 aplite/appinfo.auto.c.33.o
 .debug_abbrev  0x00000744       0x26 aplite/src/resource_ids.auto.c.33.o
 .debug_abbrev  0x0000076a       0x48 src/message_keys.auto.c.33.o
 .debug_abbrev  0x000007b2       0xd8 /nix/store/0w054nmny8r8c0wdl8r9zih411vi95h4-newlib-arm-none-eabi-4.3.0.20230120/arm-none-eabi/lib/libc.a(libc_a-exit.o)
 .debug_abbrev  0x0000088a      0x435 /nix/store/0w054nmny8r8c0wdl8r9zih411vi95h4-newlib-arm-none-eabi-4.3.0.20230120/arm-none-eabi/lib/libc.a(libc_a-findfp.o)
 .debug_abbrev  0x00000cbf      0x19b /nix/store/0w054nmny8r8c0wdl8r9zih411vi95h4-newlib-arm-none-eabi-4.3.0.20230120/arm-none-eabi/lib/libc.a(libc_a-fwalk.o)
 .debug_abbrev  0x00000e5a      0x206 /nix/store/0w054nmny8r8c0wdl8r9zih411vi95h4-newlib-arm-none-eabi-4.3.0.20230120/arm-none-eabi/lib/libc.a(libc_a-stdio.o)
 .debug_abbrev  0x00001060      0x1b0 /nix/store/0w054nmny8r8c0wdl8r9zih411vi95h4-newlib-arm-none-eabi-4.3.0.20230120/arm-none-eabi/lib/libc.a(libc_a-closer.o)
 .debug_abbrev  0x00001210      0x1ef /nix/store/0w054nmny8r8c0wdl8r9zih411vi95h4-newlib-arm-none-eabi-4.3.0.20230120/arm-none-eabi/lib/libc.a(libc_a-reent.o)
 .debug_abbrev  0x000013ff      0x149 /nix/store/0w054nmny8r8c0wdl8r9zih411vi95h4-newlib-arm-none-eabi-4.3.0.20230120/arm-none-eabi/lib/libc.a(libc_a-impure.o)
 .debug_abbrev  0x00001548      0x1c4 /nix/store/0w054nmny8r8c0wdl8r9zih411vi95h4-newlib-arm-none-eabi-4.3.0.20230120/arm-none-eabi/lib/libc.a(libc_a-lseekr.o)
 .debug_abbrev  0x0000170c      0x1b0 /nix/store/0w054nmny8r8c0wdl8r9zih411vi95h4-newlib-arm-none-eabi-4.3.0.20230120/arm-none-eabi/lib/libc.a(libc_a-readr.o)
 .debug_abbrev  0x000018bc      0x1b5 /nix/store/0w054nmny8r8c0wdl8r9zih411vi95h4-newlib-arm-none-eabi-4.3.0.20230120/arm-none-eabi/lib/libc.a(libc_a-writer.o)
 .debug_abbrev  0x00001a71       0xc9 /nix/store/0w054nmny8r8c0wdl8r9zih411vi95h4-newlib-arm-none-eabi-4.3.0.20230120/arm-none-eabi/lib/libc.a(libc_a-init.o)
 .debug_abbrev  0x00001b3a      0x115 /nix/store/0w054nmny8r8c0wdl8r9zih411vi95h4-newlib-arm-none-eabi-4.3.0.20230120/arm-none-eabi/lib/libc.a(libc_a-lock.o)
 .debug_abbrev  0x00001c4f      0x238 /nix/store/0w054nmny8r8c0wdl8r9zih411vi95h4-newlib-arm-none-eabi-4.3.0.20230120/arm-none-eabi/lib/libc.a(libc_a-freer.o)
 .debug_abbrev  0x00001e87      0x26a /nix/store/0w054nmny8r8c0wdl8r9zih411vi95h4-newlib-arm-none-eabi-4.3.0.20230120/arm-none-eabi/lib/libc.a(libc_a-mallocr.o)
 .debug_abbrev  0x000020f1      0x1bc /nix/store/0w054nmny8r8c0wdl8r9zih411vi95h4-newlib-arm-none-eabi-4.3.0.20230120/arm-none-eabi/lib/libc.a(libc_a-mlock.o)
 .debug_abbrev  0x000022ad      0x2ab /nix/store/0w054nmny8r8c0wdl8r9zih411vi95h4-newlib-arm-none-eabi-4.3.0.20230120/arm-none-eabi/lib/libc.a(libc_a-fflush.o)
 .debug_abbrev  0x00002558      0x1da /nix/store/0w054nmny8r8c0wdl8r9zih411vi95h4-newlib-arm-none-eabi-4.3.0.20230120/arm-none-eabi/lib/libc.a(libc_a-sbrkr.o)

.debug_aranges  0x00000000      0x350
 .debug_aranges
                0x00000000       0x20 /nix/store/0w054nmny8r8c0wdl8r9zih411vi95h4-newlib-arm-none-eabi-4.3.0.20230120/arm-none-eabi/lib/crt0.o
 .debug_aranges
                0x00000020       0x48 src/c/frenchpress.c.33.o
 .debug_aranges
                0x00000068       0x58 src/c/pebble-brew.c.33.o
 .debug_aranges
                0x000000c0       0x30 src/c/recipes.c.33.o
 .debug_aranges
                0x000000f0       0x18 aplite/appinfo.auto.c.33.o
 .debug_aranges
                0x00000108       0x18 aplite/src/resource_ids.auto.c.33.o
 .debug_aranges
                0x00000120       0x18 src/message_keys.auto.c.33.o
 .debug_aranges
                0x00000138       0x20 /nix/store/0w054nmny8r8c0wdl8r9zih411vi95h4-newlib-arm-none-eabi-4.3.0.20230120/arm-none-eabi/lib/libc.a(libc_a-exit.o)
 .debug_aranges
                0x00000158       0x20 /nix/store/0w054nmny8r8c0wdl8r9zih411vi95h4-newlib-arm-none-eabi-4.3.0.20230120/arm-none-eabi/lib/libc.a(libc_a-findfp.o)
 .debug_aranges
                0x00000178       0x20 /nix/store/0w054nmny8r8c0wdl8r9zih411vi95h4-newlib-arm-none-eabi-4.3.0.20230120/arm-none-eabi/lib/libc.a(libc_a-fwalk.o)
 .debug_aranges
                0x00000198       0x20 /nix/store/0w054nmny8r8c0wdl8r9zih411vi95h4-newlib-arm-none-eabi-4.3.0.20230120/arm-none-eabi/lib/libc.a(libc_a-stdio.o)
 .debug_aranges
                0x000001b8       0x20 /nix/store/0w054nmny8r8c0wdl8r9zih411vi95h4-newlib-arm-none-eabi-4.3.0.20230120/arm-none-eabi/lib/libc.a(libc_a-closer.o)
 .debug_aranges
                0x000001d8       0x20 /nix/store/0w054nmny8r8c0wdl8r9zih411vi95h4-newlib-arm-none-eabi-4.3.0.20230120/arm-none-eabi/lib/libc.a(libc_a-reent.o)
 .debug_aranges
                0x000001f8       0x18 /nix/store/0w054nmny8r8c0wdl8r9zih411vi95h4-newlib-arm-none-eabi-4.3.0.20230120/arm-none-eabi/lib/libc.a(libc_a-impure.o)
 .debug_aranges
                0x00000210       0x20 /nix/store/0w054nmny8r8c0wdl8r9zih411vi95h4-newlib-arm-none-eabi-4.3.0.20230120/arm-none-eabi/lib/libc.a(libc_a-lseekr.o)
 .debug_aranges
                0x00000230       0x20 /nix/store/0w054nmny8r8c0wdl8r9zih411vi95h4-newlib-arm-none-eabi-4.3.0.20230120/arm-none-eabi/lib/libc.a(libc_a-readr.o)
 .debug_aranges
                0x00000250       0x20 /nix/store/0w054nmny8r8c0wdl8r9zih411vi95h4-newlib-arm-none-eabi-4.3.0.20230120/arm-none-eabi/lib/libc.a(libc_a-writer.o)
 .debug_aranges
                0x00000270       0x20 /nix/store/0w054nmny8r8c0wdl8r9zih411vi95h4-newlib-arm-none-eabi-4.3.0.20230120/arm-none-eabi/lib/libc.a(libc_a-init.o)
 .debug_aranges
                0x00000290       0x20 /nix/store/0w054nmny8r8c0wdl8r9zih411vi95h4-newlib-arm-none-eabi-4.3.0.20230120/arm-none-eabi/lib/libc.a(libc_a-lock.o)
 .debug_aranges
                0x000002b0       0x20 /nix/store/0w054nmny8r8c0wdl8r9zih411vi95h4-newlib-arm-none-eabi-4.3.0.20230120/arm-none-eabi/lib/libc.a(libc_a-freer.o)
 .debug_aranges
                0x000002d0       0x20 /nix/store/0w054nmny8r8c0wdl8r9zih411vi95h4-newlib-arm-none-eabi-4.3.0.20230120/arm-none-eabi/lib/libc.a(libc_a-mallocr.o)
 .debug_aranges
                0x000002f0       0x20 /nix/store/0w054nmny8r8c0wdl8r9zih411vi95h4-newlib-arm-none-eabi-4.3.0.20230120/arm-none-eabi/lib/libc.a(libc_a-mlock.o)
 .debug_aranges
                0x00000310       0x20 /nix/store/0w054nmny8r8c0wdl8r9zih411vi95h4-newlib-arm-none-eabi-4.3.0.20230120/arm-none-eabi/lib/libc.a(libc_a-fflush.o)
 .debug_aranges
                0x00000330       0x20 /nix/store/0w054nmny8r8c0wdl8r9zih411vi95h4-newlib-arm-none-eabi-4.3.0.20230120/arm-none-eabi/lib/libc.a(libc_a-sbrkr.o)

.debug_str      0x00000000     0x15a2
 .debug_str     0x00000000     0x15a2 /nix/store/0w054nmny8r8c0wdl8r9zih411vi95h4-newlib-arm-none-eabi-4.3.0.20230120/arm-none-eabi/lib/crt0.o
                                 0x98 (size before relaxing)
 .debug_str     0x000015a2      0x4e3 src/c/frenchpress.c.33.o
 .debug_str     0x000015a2      0x523 src/c/pebble-brew.c.33.o
 .debug_str     0x000015a2      0x337 src/c/recipes.c.33.o
 .debug_str     0x000015a2      0x3fe aplite/appinfo.auto.c.33.o
 .debug_str     0x000015a2      0x1ad aplite/src/resource_ids.auto.c.33.o
 .debug_str     0x000015a2      0x1cc src/message_keys.auto.c.33.o
 .debug_str     0x000015a2      0x1fd /nix/store/0w054nmny8r8c0wdl8r9zih411vi95h4-newlib-arm-none-eabi-4.3.0.20230120/arm-none-eabi/lib/libc.a(libc_a-exit.o)
 .debug_str     0x000015a2      0x77a /nix/store/0w054nmny8r8c0wdl8r9zih411vi95h4-newlib-arm-none-eabi-4.3.0.20230120/arm-none-eabi/lib/libc.a(libc_a-findfp.o)
 .debug_str     0x000015a2      0x507 /nix/store/0w054nmny8r8c0wdl8r9zih411vi95h4-newlib-arm-none-eabi-4.3.0.20230120/arm-none-eabi/lib/libc.a(libc_a-fwalk.o)
 .debug_str     0x000015a2      0x564 /nix/store/0w054nmny8r8c0wdl8r9zih411vi95h4-newlib-arm-none-eabi-4.3.0.20230120/arm-none-eabi/lib/libc.a(libc_a-stdio.o)
 .debug_str     0x000015a2      0x4ed /nix/store/0w054nmny8r8c0wdl8r9zih411vi95h4-newlib-arm-none-eabi-4.3.0.20230120/arm-none-eabi/lib/libc.a(libc_a-closer.o)
 .debug_str     0x000015a2      0x516 /nix/store/0w054nmny8r8c0wdl8r9zih411vi95h4-newlib-arm-none-eabi-4.3.0.20230120/arm-none-eabi/lib/libc.a(libc_a-reent.o)
 .debug_str     0x000015a2      0x4f7 /nix/store/0w054nmny8r8c0wdl8r9zih411vi95h4-newlib-arm-none-eabi-4.3.0.20230120/arm-none-eabi/lib/libc.a(libc_a-impure.o)
 .debug_str     0x000015a2      0x4fb /nix/store/0w054nmny8r8c0wdl8r9zih411vi95h4-newlib-arm-none-eabi-4.3.0.20230120/arm-none-eabi/lib/libc.a(libc_a-lseekr.o)
 .debug_str     0x000015a2      0x4fb /nix/store/0w054nmny8r8c0wdl8r9zih411vi95h4-newlib-arm-none-eabi-4.3.0.20230120/arm-none-eabi/lib/libc.a(libc_a-readr.o)
 .debug_str     0x000015a2      0x4fd /nix/store/0w054nmny8r8c0wdl8r9zih411vi95h4-newlib-arm-none-eabi-4.3.0.20230120/arm-none-eabi/lib/libc.a(libc_a-writer.o)
 .debug_str     0x000015a2      0x238 /nix/store/0w054nmny8r8c0wdl8r9zih411vi95h4-newlib-arm-none-eabi-4.3.0.20230120/arm-none-eabi/lib/libc.a(libc_a-init.o)
 .debug_str     0x000015a2      0x36e /nix/store/0w054nmny8r8c0wdl8r9zih411vi95h4-newlib-arm-none-eabi-4.3.0.20230120/arm-none-eabi/lib/libc.a(libc_a-lock.o)
 .debug_str     0x000015a2      0x577 /nix/store/0w054nmny8r8c0wdl8r9zih411vi95h4-newlib-arm-none-eabi-4.3.0.20230120/arm-none-eabi/lib/libc.a(libc_a-freer.o)
 .debug_str     0x000015a2      0x5d8 /nix/store/0w054nmny8r8c0wdl8r9zih411vi95h4-newlib-arm-none-eabi-4.3.0.20230120/arm-none-eabi/lib/libc.a(libc_a-mallocr.o)
 .debug_str     0x000015a2      0x579 /nix/store/0w054nmny8r8c0wdl8r9zih411vi95h4-newlib-arm-none-eabi-4.3.0.20230120/arm-none-eabi/lib/libc.a(libc_a-mlock.o)
 .debug_str     0x000015a2      0x5c2 /nix/store/0w054nmny8r8c0wdl8r9zih411vi95h4-newlib-arm-none-eabi-4.3.0.20230120/arm-none-eabi/lib/libc.a(libc_a-fflush.o)
 .debug_str     0x000015a2      0x500 /nix/store/0w054nmny8r8c0wdl8r9zih411vi95h4-newlib-arm-none-eabi-4.3.0.20230120/arm-none-eabi/lib/libc.a(libc_a-sbrkr.o)

.debug_loclists
                0x00000000     0x1263
 .debug_loclists
                0x00000000       0xbd src/c/frenchpress.c.33.o
 .debug_loclists
                0x000000bd      0x162 src/c/pebble-brew.c.33.o
 .debug_loclists
                0x0000021f       0x5d src/c/recipes.c.33.o
 .debug_loclists
                0x0000027c       0x1b /nix/store/0w054nmny8r8c0wdl8r9zih411vi95h4-newlib-arm-none-eabi-4.3.0.20230120/arm-none-eabi/lib/libc.a(libc_a-exit.o)
 .debug_loclists
                0x00000297      0x344 /nix/store/0w054nmny8r8c0wdl8r9zih411vi95h4-newlib-arm-none-eabi-4.3.0.20230120/arm-none-eabi/lib/libc.a(libc_a-findfp.o)
 .debug_loclists
                0x000005db       0x93 /nix/store/0w054nmny8r8c0wdl8r9zih411vi95h4-newlib-arm-none-eabi-4.3.0.20230120/arm-none-eabi/lib/libc.a(libc_a-fwalk.o)
 .debug_loclists
                0x0000066e      0x2aa /nix/store/0w054nmny8r8c0wdl8r9zih411vi95h4-newlib-arm-none-eabi-4.3.0.20230120/arm-none-eabi/lib/libc.a(libc_a-stdio.o)
 .debug_loclists
                0x00000918       0x4b /nix/store/0w054nmny8r8c0wdl8r9zih411vi95h4-newlib-arm-none-eabi-4.3.0.20230120/arm-none-eabi/lib/libc.a(libc_a-closer.o)
 .debug_loclists
                0x00000963       0x7c /nix/store/0w054nmny8r8c0wdl8r9zih411vi95h4-newlib-arm-none-eabi-4.3.0.20230120/arm-none-eabi/lib/libc.a(libc_a-reent.o)
 .debug_loclists
                0x000009df       0x89 /nix/store/0w054nmny8r8c0wdl8r9zih411vi95h4-newlib-arm-none-eabi-4.3.0.20230120/arm-none-eabi/lib/libc.a(libc_a-lseekr.o)
 .debug_loclists
                0x00000a68       0x89 /nix/store/0w054nmny8r8c0wdl8r9zih411vi95h4-newlib-arm-none-eabi-4.3.0.20230120/arm-none-eabi/lib/libc.a(libc_a-readr.o)
 .debug_loclists
                0x00000af1       0x89 /nix/store/0w054nmny8r8c0wdl8r9zih411vi95h4-newlib-arm-none-eabi-4.3.0.20230120/arm-none-eabi/lib/libc.a(libc_a-writer.o)
 .debug_loclists
                0x00000b7a       0x65 /nix/store/0w054nmny8r8c0wdl8r9zih411vi95h4-newlib-arm-none-eabi-4.3.0.20230120/arm-none-eabi/lib/libc.a(libc_a-init.o)
 .debug_loclists
                0x00000bdf       0x24 /nix/store/0w054nmny8r8c0wdl8r9zih411vi95h4-newlib-arm-none-eabi-4.3.0.20230120/arm-none-eabi/lib/libc.a(libc_a-lock.o)
 .debug_loclists
                0x00000c03       0xe8 /nix/store/0w054nmny8r8c0wdl8r9zih411vi95h4-newlib-arm-none-eabi-4.3.0.20230120/arm-none-eabi/lib/libc.a(libc_a-freer.o)
 .debug_loclists
                0x00000ceb      0x24e /nix/store/0w054nmny8r8c0wdl8r9zih411vi95h4-newlib-arm-none-eabi-4.3.0.20230120/arm-none-eabi/lib/libc.a(libc_a-mallocr.o)
 .debug_loclists
                0x00000f39       0x3c /nix/store/0w054nmny8r8c0wdl8r9zih411vi95h4-newlib-arm-none-eabi-4.3.0.20230120/arm-none-eabi/lib/libc.a(libc_a-mlock.o)
 .debug_loclists
                0x00000f75      0x28c /nix/store/0w054nmny8r8c0wdl8r9zih411vi95h4-newlib-arm-none-eabi-4.3.0.20230120/arm-none-eabi/lib/libc.a(libc_a-fflush.o)
 .debug_loclists
                0x00001201       0x62 /nix/store/0w054nmny8r8c0wdl8r9zih411vi95h4-newlib-arm-none-eabi-4.3.0.20230120/arm-none-eabi/lib/libc.a(libc_a-sbrkr.o)

.debug_rnglists
                0x00000000      0x1b1
 .debug_rnglists
                0x00000000       0x3d src/c/frenchpress.c.33.o
 .debug_rnglists
                0x0000003d       0x67 src/c/pebble-brew.c.33.o
 .debug_rnglists
                0x000000a4       0x1f src/c/recipes.c.33.o
 .debug_rnglists
                0x000000c3       0x7e /nix/store/0w054nmny8r8c0wdl8r9zih411vi95h4-newlib-arm-none-eabi-4.3.0.20230120/arm-none-eabi/lib/libc.a(libc_a-findfp.o)
 .debug_rnglists
                0x00000141       0x16 /nix/store/0w054nmny8r8c0wdl8r9zih411vi95h4-newlib-arm-none-eabi-4.3.0.20230120/arm-none-eabi/lib/libc.a(libc_a-freer.o)
 .debug_rnglists
                0x00000157       0x21 /nix/store/0w054nmny8r8c0wdl8r9zih411vi95h4-newlib-arm-none-eabi-4.3.0.20230120/arm-none-eabi/lib/libc.a(libc_a-mallocr.o)
 .debug_rnglists
                0x00000178       0x39 /nix/store/0w054nmny8r8c0wdl8r9zih411vi95h4-newlib-arm-none-eabi-4.3.0.20230120/arm-none-eabi/lib/libc.a(libc_a-fflush.o)

.debug_frame    0x00000000      0x80c
 .debug_frame   0x00000000       0xa0 src/c/frenchpress.c.33.o
 .debug_frame   0x000000a0       0xd8 src/c/pebble-brew.c.33.o
 .debug_frame   0x00000178       0x64 src/c/recipes.c.33.o
 .debug_frame   0x000001dc       0x28 /nix/store/0w054nmny8r8c0wdl8r9zih411vi95h4-newlib-arm-none-eabi-4.3.0.20230120/arm-none-eabi/lib/libc.a(libc_a-exit.o)
 .debug_frame   0x00000204      0x170 /nix/store/0w054nmny8r8c0wdl8r9zih411vi95h4-newlib-arm-none-eabi-4.3.0.20230120/arm-none-eabi/lib/libc.a(libc_a-findfp.o)
 .debug_frame   0x00000374       0x40 /nix/store/0w054nmny8r8c0wdl8r9zih411vi95h4-newlib-arm-none-eabi-4.3.0.20230120/arm-none-eabi/lib/libc.a(libc_a-fwalk.o)
 .debug_frame   0x000003b4       0xa0 /nix/store/0w054nmny8r8c0wdl8r9zih411vi95h4-newlib-arm-none-eabi-4.3.0.20230120/arm-none-eabi/lib/libc.a(libc_a-stdio.o)
 .debug_frame   0x00000454       0x34 /nix/store/0w054nmny8r8c0wdl8r9zih411vi95h4-newlib-arm-none-eabi-4.3.0.20230120/arm-none-eabi/lib/libc.a(libc_a-closer.o)
 .debug_frame   0x00000488       0x40 /nix/store/0w054nmny8r8c0wdl8r9zih411vi95h4-newlib-arm-none-eabi-4.3.0.20230120/arm-none-eabi/lib/libc.a(libc_a-reent.o)
 .debug_frame   0x000004c8       0x34 /nix/store/0w054nmny8r8c0wdl8r9zih411vi95h4-newlib-arm-none-eabi-4.3.0.20230120/arm-none-eabi/lib/libc.a(libc_a-lseekr.o)
 .debug_frame   0x000004fc       0x34 /nix/store/0w054nmny8r8c0wdl8r9zih411vi95h4-newlib-arm-none-eabi-4.3.0.20230120/arm-none-eabi/lib/libc.a(libc_a-readr.o)
 .debug_frame   0x00000530       0x34 /nix/store/0w054nmny8r8c0wdl8r9zih411vi95h4-newlib-arm-none-eabi-4.3.0.20230120/arm-none-eabi/lib/libc.a(libc_a-writer.o)
 .debug_frame   0x00000564       0x34 /nix/store/0w054nmny8r8c0wdl8r9zih411vi95h4-newlib-arm-none-eabi-4.3.0.20230120/arm-none-eabi/lib/libc.a(libc_a-init.o)
 .debug_frame   0x00000598       0xb0 /nix/store/0w054nmny8r8c0wdl8r9zih411vi95h4-newlib-arm-none-eabi-4.3.0.20230120/arm-none-eabi/lib/libc.a(libc_a-lock.o)
 .debug_frame   0x00000648       0x40 /nix/store/0w054nmny8r8c0wdl8r9zih411vi95h4-newlib-arm-none-eabi-4.3.0.20230120/arm-none-eabi/lib/libc.a(libc_a-freer.o)
 .debug_frame   0x00000688       0x6c /nix/store/0w054nmny8r8c0wdl8r9zih411vi95h4-newlib-arm-none-eabi-4.3.0.20230120/arm-none-eabi/lib/libc.a(libc_a-mallocr.o)
 .debug_frame   0x000006f4       0x48 /nix/store/0w054nmny8r8c0wdl8r9zih411vi95h4-newlib-arm-none-eabi-4.3.0.20230120/arm-none-eabi/lib/libc.a(libc_a-mlock.o)
 .debug_frame   0x0000073c       0x94 /nix/store/0w054nmny8r8c0wdl8r9zih411vi95h4-newlib-arm-none-eabi-4.3.0.20230120/arm-none-eabi/lib/libc.a(libc_a-fflush.o)
 .debug_frame   0x000007d0       0x3c /nix/store/0w054nmny8r8c0wdl8r9zih411vi95h4-newlib-arm-none-eabi-4.3.0.20230120/arm-none-eabi/lib/libc.a(libc_a-sbrkr.o)
