Archive member included to satisfy reference by file (symbol)

/Users/edmundchan/Library/Application Support/Pebble SDK/SDKs/current/sdk-core/pebble/aplite/lib/libpebble.a(tmp7jpKUopebble.o)
                              src/c/pebble-brew.c.33.o (app_event_loop)
/nix/store/0w054nmny8r8c0wdl8r9zih411vi95h4-newlib-arm-none-eabi-4.3.0.20230120/arm-none-eabi/lib/libc.a(libc_a-exit.o)
                              /nix/store/0w054nmny8r8c0wdl8r9zih411vi95h4-newlib-arm-none-eabi-4.3.0.20230120/arm-none-eabi/lib/crt0.o (exit)
/nix/store/0w054nmny8r8c0wdl8r9zih411vi95h4-newlib-arm-none-eabi-4.3.0.20230120/arm-none-eabi/lib/libc.a(libc_a-findfp.o)
                              /nix/store/0w054nmny8r8c0wdl8r9zih411vi95h4-newlib-arm-none-eabi-4.3.0.20230120/arm-none-eabi/lib/libc.a(libc_a-exit.o) (__stdio_exit_handler)
/nix/store/0w054nmny8r8c0wdl8r9zih411vi95h4-newlib-arm-none-eabi-4.3.0.20230120/arm-none-eabi/lib/libc.a(libc_a-fwalk.o)
                              /nix/store/0w054nmny8r8c0wdl8r9zih411vi95h4-newlib-arm-none-eabi-4.3.0.20230120/arm-none-eabi/lib/libc.a(libc_a-findfp.o) (_fwalk_sglue)
/nix/store/0w054nmny8r8c0wdl8r9zih411vi95h4-newlib-arm-none-eabi-4.3.0.20230120/arm-none-eabi/lib/libc.a(libc_a-stdio.o)
                              /nix/store/0w054nmny8r8c0wdl8r9zih411vi95h4-newlib-arm-none-eabi-4.3.0.20230120/arm-none-eabi/lib/libc.a(libc_a-findfp.o) (__sread)
/nix/store/0w054nmny8r8c0wdl8r9zih411vi95h4-newlib-arm-none-eabi-4.3.0.20230120/arm-none-eabi/lib/libc.a(libc_a-closer.o)
                              /nix/store/0w054nmny8r8c0wdl8r9zih411vi95h4-newlib-arm-none-eabi-4.3.0.20230120/arm-none-eabi/lib/libc.a(libc_a-stdio.o) (_close_r)
/nix/store/0w054nmny8r8c0wdl8r9zih411vi95h4-newlib-arm-none-eabi-4.3.0.20230120/arm-none-eabi/lib/libc.a(libc_a-reent.o)
                              /nix/store/0w054nmny8r8c0wdl8r9zih411vi95h4-newlib-arm-none-eabi-4.3.0.20230120/arm-none-eabi/lib/libc.a(libc_a-closer.o) (errno)
/nix/store/0w054nmny8r8c0wdl8r9zih411vi95h4-newlib-arm-none-eabi-4.3.0.20230120/arm-none-eabi/lib/libc.a(libc_a-impure.o)
                              /nix/store/0w054nmny8r8c0wdl8r9zih411vi95h4-newlib-arm-none-eabi-4.3.0.20230120/arm-none-eabi/lib/libc.a(libc_a-reent.o) (_impure_ptr)
/nix/store/0w054nmny8r8c0wdl8r9zih411vi95h4-newlib-arm-none-eabi-4.3.0.20230120/arm-none-eabi/lib/libc.a(libc_a-lseekr.o)
                              /nix/store/0w054nmny8r8c0wdl8r9zih411vi95h4-newlib-arm-none-eabi-4.3.0.20230120/arm-none-eabi/lib/libc.a(libc_a-stdio.o) (_lseek_r)
/nix/store/0w054nmny8r8c0wdl8r9zih411vi95h4-newlib-arm-none-eabi-4.3.0.20230120/arm-none-eabi/lib/libc.a(libc_a-readr.o)
                              /nix/store/0w054nmny8r8c0wdl8r9zih411vi95h4-newlib-arm-none-eabi-4.3.0.20230120/arm-none-eabi/lib/libc.a(libc_a-stdio.o) (_read_r)
/nix/store/0w054nmny8r8c0wdl8r9zih411vi95h4-newlib-arm-none-eabi-4.3.0.20230120/arm-none-eabi/lib/libc.a(libc_a-writer.o)
                              /nix/store/0w054nmny8r8c0wdl8r9zih411vi95h4-newlib-arm-none-eabi-4.3.0.20230120/arm-none-eabi/lib/libc.a(libc_a-stdio.o) (_write_r)
/nix/store/0w054nmny8r8c0wdl8r9zih411vi95h4-newlib-arm-none-eabi-4.3.0.20230120/arm-none-eabi/lib/libc.a(libc_a-init.o)
                              /nix/store/0w054nmny8r8c0wdl8r9zih411vi95h4-newlib-arm-none-eabi-4.3.0.20230120/arm-none-eabi/lib/crt0.o (__libc_init_array)
/nix/store/0w054nmny8r8c0wdl8r9zih411vi95h4-newlib-arm-none-eabi-4.3.0.20230120/arm-none-eabi/lib/libc.a(libc_a-lock.o)
                              /nix/store/0w054nmny8r8c0wdl8r9zih411vi95h4-newlib-arm-none-eabi-4.3.0.20230120/arm-none-eabi/lib/libc.a(libc_a-findfp.o) (__retarget_lock_init_recursive)
/nix/store/0w054nmny8r8c0wdl8r9zih411vi95h4-newlib-arm-none-eabi-4.3.0.20230120/arm-none-eabi/lib/libc.a(libc_a-freer.o)
                              /nix/store/0w054nmny8r8c0wdl8r9zih411vi95h4-newlib-arm-none-eabi-4.3.0.20230120/arm-none-eabi/lib/libc.a(libc_a-reent.o) (_free_r)
/nix/store/0w054nmny8r8c0wdl8r9zih411vi95h4-newlib-arm-none-eabi-4.3.0.20230120/arm-none-eabi/lib/libc.a(libc_a-mallocr.o)
                              /nix/store/0w054nmny8r8c0wdl8r9zih411vi95h4-newlib-arm-none-eabi-4.3.0.20230120/arm-none-eabi/lib/libc.a(libc_a-findfp.o) (_malloc_r)
/nix/store/0w054nmny8r8c0wdl8r9zih411vi95h4-newlib-arm-none-eabi-4.3.0.20230120/arm-none-eabi/lib/libc.a(libc_a-mlock.o)
                              /nix/store/0w054nmny8r8c0wdl8r9zih411vi95h4-newlib-arm-none-eabi-4.3.0.20230120/arm-none-eabi/lib/libc.a(libc_a-freer.o) (__malloc_lock)
/nix/store/0w054nmny8r8c0wdl8r9zih411vi95h4-newlib-arm-none-eabi-4.3.0.20230120/arm-none-eabi/lib/libc.a(libc_a-fflush.o)
                              /nix/store/0w054nmny8r8c0wdl8r9zih411vi95h4-newlib-arm-none-eabi-4.3.0.20230120/arm-none-eabi/lib/libc.a(libc_a-findfp.o) (_fflush_r)
/nix/store/0w054nmny8r8c0wdl8r9zih411vi95h4-newlib-arm-none-eabi-4.3.0.20230120/arm-none-eabi/lib/libc.a(libc_a-sbrkr.o)
[...]
Memory Configuration

Name             Origin             Length             Attributes
APP              0x00000000         0x00006000         xrw
*default*        0x00000000         0xffffffff

Linker script and memory map

LOAD /nix/store/q4jim3b08wraad80bnjih7wh7zb0k5ld-arm-none-eabi-gcc-13.3.0/lib/gcc/arm-none-eabi/13.3.0/crti.o
LOAD /nix/store/q4jim3b08wraad80bnjih7wh7zb0k5ld-arm-none-eabi-gcc-13.3.0/lib/gcc/arm-none-eabi/13.3.0/crtbegin.o
LOAD /nix/store/0w054nmny8r8c0wdl8r9zih411vi95h4-newlib-arm-none-eabi-4.3.0.20230120/arm-none-eabi/lib/crt0.o
LOAD src/c/pebble-brew.c.33.o
LOAD src/c/recipes.c.33.o
LOAD aplite/appinfo.auto.c.33.o
LOAD aplite/src/resource_ids.auto.c.33.o
LOAD src/message_keys.auto.c.33.o
LOAD /Users/edmundchan/Library/Application Support/Pebble SDK/SDKs/current/sdk-core/pebble/aplite/lib/libpebble.a
START GROUP
LOAD /nix/store/q4jim3b08wraad80bnjih7wh7zb0k5ld-arm-none-eabi-gcc-13.3.0/lib/gcc/arm-none-eabi/13.3.0/libgcc.a
LOAD /nix/store/0w054nmny8r8c0wdl8r9zih411vi95h4-newlib-arm-none-eabi-4.3.0.20230120/arm-none-eabi/lib/libc.a
END GROUP
LOAD /nix/store/q4jim3b08wraad80bnjih7wh7zb0k5ld-arm-none-eabi-gcc-13.3.0/lib/gcc/arm-none-eabi/13.3.0/crtend.o
LOAD /nix/store/q4jim3b08wraad80bnjih7wh7zb0k5ld-arm-none-eabi-gcc-13.3.0/lib/gcc/arm-none-eabi/13.3.0/crtn.o

.header         0x00000000       0x82
 *(.pbl_header)
 .pbl_header    0x00000000       0x82 aplite/appinfo.auto.c.33.o
                0x00000000                __pbl_app_info

.note.gnu.build-id
                0x00000082       0x26
                [!provide]                        PROVIDE (BUILD_ID = .)
 *(.note.gnu.build-id)
 *fill*         0x00000082        0x2 
 .note.gnu.build-id
                0x00000084       0x24 linker stubs

.text           0x000000a8      0x3e8
 *(.text)
 .text          0x000000a8       0x14 /Users/edmundchan/Library/Application Support/Pebble SDK/SDKs/current/sdk-core/pebble/aplite/lib/libpebble.a(tmp7jpKUopebble.o)
 *(.text.*)
 .text.click_config_provider
                0x000000bc       0x24 src/c/pebble-brew.c.33.o
 .text.update_selection
                0x000000e0       0x60 src/c/pebble-brew.c.33.o
 .text.down_click_handler
                0x00000140       0x20 src/c/pebble-brew.c.33.o
 .text.up_click_handler
                0x00000160       0x20 src/c/pebble-brew.c.33.o
 .text.main_window_unload
                0x00000180       0x12 src/c/pebble-brew.c.33.o
 *fill*         0x00000192        0x2 
 .text.main_window_load
                0x00000194       0x78 src/c/pebble-brew.c.33.o
 .text.startup.main
                0x0000020c       0x5c src/c/pebble-brew.c.33.o
                0x0000020c                main
 .text.get_french_press_text_layer
                0x00000268       0x5c src/c/recipes.c.33.o
                0x00000268                get_french_press_text_layer
 .text.get_hario_text_layer
                0x000002c4       0x5c src/c/recipes.c.33.o
                0x000002c4                get_hario_text_layer
 .text.get_aeropress_text_layer
                0x00000320       0x5c src/c/recipes.c.33.o
                0x00000320                get_aeropress_text_layer
 .text.app_event_loop
                0x0000037c        0xc /Users/edmundchan/Library/Application Support/Pebble SDK/SDKs/current/sdk-core/pebble/aplite/lib/libpebble.a(tmp7jpKUopebble.o)
                0x0000037c                app_event_loop
 .text.fonts_get_system_font
                0x00000388        0xc /Users/edmundchan/Library/Application Support/Pebble SDK/SDKs/current/sdk-core/pebble/aplite/lib/libpebble.a(tmp7jpKUopebble.o)
                0x00000388                fonts_get_system_font
 .text.layer_add_child
                0x00000394        0xc /Users/edmundchan/Library/Application Support/Pebble SDK/SDKs/current/sdk-core/pebble/aplite/lib/libpebble.a(tmp7jpKUopebble.o)
                0x00000394                layer_add_child
 .text.window_create
                0x000003a0        0xc /Users/edmundchan/Library/Application Support/Pebble SDK/SDKs/current/sdk-core/pebble/aplite/lib/libpebble.a(tmp7jpKUopebble.o)
                0x000003a0                window_create
 .text.window_destroy
                0x000003ac        0xc /Users/edmundchan/Library/Application Support/Pebble SDK/SDKs/current/sdk-core/pebble/aplite/lib/libpebble.a(tmp7jpKUopebble.o)
                0x000003ac                window_destroy
 .text.window_get_root_layer
                0x000003b8        0xc /Users/edmundchan/Library/Application Support/Pebble SDK/SDKs/current/sdk-core/pebble/aplite/lib/libpebble.a(tmp7jpKUopebble.o)
                0x000003b8                window_get_root_layer
 .text.window_set_click_config_provider
                0x000003c4        0xc /Users/edmundchan/Library/Application Support/Pebble SDK/SDKs/current/sdk-core/pebble/aplite/lib/libpebble.a(tmp7jpKUopebble.o)
                0x000003c4                window_set_click_config_provider
 .text.window_set_window_handlers
                0x000003d0        0xc /Users/edmundchan/Library/Application Support/Pebble SDK/SDKs/current/sdk-core/pebble/aplite/lib/libpebble.a(tmp7jpKUopebble.o)
                0x000003d0                window_set_window_handlers
 .text.window_stack_push
                0x000003dc        0xc /Users/edmundchan/Library/Application Support/Pebble SDK/SDKs/current/sdk-core/pebble/aplite/lib/libpebble.a(tmp7jpKUopebble.o)
                0x000003dc                window_stack_push
 .text.window_single_click_subscribe
                0x000003e8        0xc /Users/edmundchan/Library/Application Support/Pebble SDK/SDKs/current/sdk-core/pebble/aplite/lib/libpebble.a(tmp7jpKUopebble.o)
                0x000003e8                window_single_click_subscribe
 .text.text_layer_create
                0x000003f4        0xc /Users/edmundchan/Library/Application Support/Pebble SDK/SDKs/current/sdk-core/pebble/aplite/lib/libpebble.a(tmp7jpKUopebble.o)
                0x000003f4                text_layer_create
 .text.text_layer_destroy
                0x00000400        0xc /Users/edmundchan/Library/Application Support/Pebble SDK/SDKs/current/sdk-core/pebble/aplite/lib/libpebble.a(tmp7jpKUopebble.o)
                0x00000400                text_layer_destroy
 .text.text_layer_get_layer
                0x0000040c        0xc /Users/edmundchan/Library/Application Support/Pebble SDK/SDKs/current/sdk-core/pebble/aplite/lib/libpebble.a(tmp7jpKUopebble.o)
                0x0000040c                text_layer_get_layer
 .text.text_layer_set_background_color
                0x00000418        0xc /Users/edmundchan/Library/Application Support/Pebble SDK/SDKs/current/sdk-core/pebble/aplite/lib/libpebble.a(tmp7jpKUopebble.o)
                0x00000418                text_layer_set_background_color
 .text.text_layer_set_font
                0x00000424        0xc /Users/edmundchan/Library/Application Support/Pebble SDK/SDKs/current/sdk-core/pebble/aplite/lib/libpebble.a(tmp7jpKUopebble.o)
                0x00000424                text_layer_set_font
 .text.text_layer_set_text
                0x00000430        0xc /Users/edmundchan/Library/Application Support/Pebble SDK/SDKs/current/sdk-core/pebble/aplite/lib/libpebble.a(tmp7jpKUopebble.o)
                0x00000430                text_layer_set_text
 .text.text_layer_set_text_alignment
                0x0000043c        0xc /Users/edmundchan/Library/Application Support/Pebble SDK/SDKs/current/sdk-core/pebble/aplite/lib/libpebble.a(tmp7jpKUopebble.o)
                0x0000043c                text_layer_set_text_alignment
 .text.text_layer_set_text_color
                0x00000448        0xc /Users/edmundchan/Library/Application Support/Pebble SDK/SDKs/current/sdk-core/pebble/aplite/lib/libpebble.a(tmp7jpKUopebble.o)
                0x00000448                text_layer_set_text_color
 *(.rodata)
 *(.rodata*)
 .rodata.get_french_press_text_layer.str1.1
                0x00000454       0x3c src/c/recipes.c.33.o
                                 0x28 (size before relaxing)
 .rodata.get_hario_text_layer.str1.1
                0x00000490        0xa src/c/recipes.c.33.o
 .rodata.get_aeropress_text_layer.str1.1
                0x00000490        0xa src/c/recipes.c.33.o

.glue_7         0x00000490        0x0
 .glue_7        0x00000490        0x0 linker stubs

.glue_7t        0x00000490        0x0
 .glue_7t       0x00000490        0x0 linker stubs

.vfp11_veneer   0x00000490        0x0
 .vfp11_veneer  0x00000490        0x0 linker stubs

.v4_bx          0x00000490        0x0
 .v4_bx         0x00000490        0x0 linker stubs

.init           0x00000490        0xc
 .init          0x00000490        0xc /nix/store/q4jim3b08wraad80bnjih7wh7zb0k5ld-arm-none-eabi-gcc-13.3.0/lib/gcc/arm-none-eabi/13.3.0/crti.o
                0x00000490                _init

.fini           0x0000049c        0xc
 .fini          0x0000049c        0xc /nix/store/q4jim3b08wraad80bnjih7wh7zb0k5ld-arm-none-eabi-gcc-13.3.0/lib/gcc/arm-none-eabi/13.3.0/crti.o
                0x0000049c                _fini

.iplt           0x000004a8        0x0
 .iplt          0x000004a8        0x0 src/c/pebble-brew.c.33.o

.rel.dyn        0x000004a8        0x0
 .rel.iplt      0x000004a8        0x0 src/c/pebble-brew.c.33.o

.data           0x000004a8       0x64
 *(.data)
 .data          0x000004a8        0x0 /nix/store/q4jim3b08wraad80bnjih7wh7zb0k5ld-arm-none-eabi-gcc-13.3.0/lib/gcc/arm-none-eabi/13.3.0/crti.o
 .data          0x000004a8        0x4 /nix/store/q4jim3b08wraad80bnjih7wh7zb0k5ld-arm-none-eabi-gcc-13.3.0/lib/gcc/arm-none-eabi/13.3.0/crtbegin.o
                0x000004a8                __dso_handle
 .data          0x000004ac        0x0 /nix/store/0w054nmny8r8c0wdl8r9zih411vi95h4-newlib-arm-none-eabi-4.3.0.20230120/arm-none-eabi/lib/crt0.o
 .data          0x000004ac        0x0 src/c/pebble-brew.c.33.o
 .data          0x000004ac        0x0 src/c/recipes.c.33.o
 .data          0x000004ac        0x0 aplite/appinfo.auto.c.33.o
 .data          0x000004ac        0x0 aplite/src/resource_ids.auto.c.33.o
 .data          0x000004ac        0x0 src/message_keys.auto.c.33.o
 .data          0x000004ac        0x0 /Users/edmundchan/Library/Application Support/Pebble SDK/SDKs/current/sdk-core/pebble/aplite/lib/libpebble.a(tmp7jpKUopebble.o)
 .data          0x000004ac        0x0 /nix/store/0w054nmny8r8c0wdl8r9zih411vi95h4-newlib-arm-none-eabi-4.3.0.20230120/arm-none-eabi/lib/libc.a(libc_a-exit.o)
 .data          0x000004ac        0xc /nix/store/0w054nmny8r8c0wdl8r9zih411vi95h4-newlib-arm-none-eabi-4.3.0.20230120/arm-none-eabi/lib/libc.a(libc_a-findfp.o)
                0x000004ac                __sglue
 .data          0x000004b8        0x0 /nix/store/0w054nmny8r8c0wdl8r9zih411vi95h4-newlib-arm-none-eabi-4.3.0.20230120/arm-none-eabi/lib/libc.a(libc_a-fwalk.o)
 .data          0x000004b8        0x0 /nix/store/0w054nmny8r8c0wdl8r9zih411vi95h4-newlib-arm-none-eabi-4.3.0.20230120/arm-none-eabi/lib/libc.a(libc_a-stdio.o)
 .data          0x000004b8        0x0 /nix/store/0w054nmny8r8c0wdl8r9zih411vi95h4-newlib-arm-none-eabi-4.3.0.20230120/arm-none-eabi/lib/libc.a(libc_a-closer.o)
 .data          0x000004b8        0x0 /nix/store/0w054nmny8r8c0wdl8r9zih411vi95h4-newlib-arm-none-eabi-4.3.0.20230120/arm-none-eabi/lib/libc.a(libc_a-reent.o)
 .data          0x000004b8       0x50 /nix/store/0w054nmny8r8c0wdl8r9zih411vi95h4-newlib-arm-none-eabi-4.3.0.20230120/arm-none-eabi/lib/libc.a(libc_a-impure.o)
                0x000004b8                _impure_ptr
                0x000004bc                _impure_data
 .data          0x00000508        0x0 /nix/store/0w054nmny8r8c0wdl8r9zih411vi95h4-newlib-arm-none-eabi-4.3.0.20230120/arm-none-eabi/lib/libc.a(libc_a-lseekr.o)
 .data          0x00000508        0x0 /nix/store/0w054nmny8r8c0wdl8r9zih411vi95h4-newlib-arm-none-eabi-4.3.0.20230120/arm-none-eabi/lib/libc.a(libc_a-readr.o)
 .data          0x00000508        0x0 /nix/store/0w054nmny8r8c0wdl8r9zih411vi95h4-newlib-arm-none-eabi-4.3.0.20230120/arm-none-eabi/lib/libc.a(libc_a-writer.o)
 .data          0x00000508        0x0 /nix/store/0w054nmny8r8c0wdl8r9zih411vi95h4-newlib-arm-none-eabi-4.3.0.20230120/arm-none-eabi/lib/libc.a(libc_a-init.o)
 .data          0x00000508        0x0 /nix/store/0w054nmny8r8c0wdl8r9zih411vi95h4-newlib-arm-none-eabi-4.3.0.20230120/arm-none-eabi/lib/libc.a(libc_a-lock.o)
 .data          0x00000508        0x0 /nix/store/0w054nmny8r8c0wdl8r9zih411vi95h4-newlib-arm-none-eabi-4.3.0.20230120/arm-none-eabi/lib/libc.a(libc_a-freer.o)
 .data          0x00000508        0x0 /nix/store/0w054nmny8r8c0wdl8r9zih411vi95h4-newlib-arm-none-eabi-4.3.0.20230120/arm-none-eabi/lib/libc.a(libc_a-mallocr.o)
 .data          0x00000508        0x0 /nix/store/0w054nmny8r8c0wdl8r9zih411vi95h4-newlib-arm-none-eabi-4.3.0.20230120/arm-none-eabi/lib/libc.a(libc_a-mlock.o)
 .data          0x00000508        0x0 /nix/store/0w054nmny8r8c0wdl8r9zih411vi95h4-newlib-arm-none-eabi-4.3.0.20230120/arm-none-eabi/lib/libc.a(libc_a-fflush.o)
 .data          0x00000508        0x0 /nix/store/0w054nmny8r8c0wdl8r9zih411vi95h4-newlib-arm-none-eabi-4.3.0.20230120/arm-none-eabi/lib/libc.a(libc_a-sbrkr.o)
 .data          0x00000508        0x0 /nix/store/q4jim3b08wraad80bnjih7wh7zb0k5ld-arm-none-eabi-gcc-13.3.0/lib/gcc/arm-none-eabi/13.3.0/crtend.o
 .data          0x00000508        0x0 /nix/store/q4jim3b08wraad80bnjih7wh7zb0k5ld-arm-none-eabi-gcc-13.3.0/lib/gcc/arm-none-eabi/13.3.0/crtn.o
 *(.data.*)
 .data.s_selected_layer
                0x00000508        0x4 src/c/pebble-brew.c.33.o

.igot.plt       0x0000050c        0x0
 .igot.plt      0x0000050c        0x0 src/c/pebble-brew.c.33.o

.bss            0x0000050c      0x14c
 *(.bss)
 .bss           0x0000050c      0x13c /nix/store/0w054nmny8r8c0wdl8r9zih411vi95h4-newlib-arm-none-eabi-4.3.0.20230120/arm-none-eabi/lib/libc.a(libc_a-findfp.o)
                0x0000050c                __sf
                0x00000644                __stdio_exit_handler
 *(.bss.*)
 .bss.text_layer_array
                0x00000648        0xc src/c/pebble-brew.c.33.o
 .bss.s_main_window
                0x00000654        0x4 src/c/pebble-brew.c.33.o

DISCARD
 libc.a(*)
 libm.a(*)
 libgcc.a(*)
 *(.eh_frame)
OUTPUT(/Users/edmundchan/Desktop/pebble-dev/pebble-brew/build/aplite/pebble-app.elf elf32-littlearm)
LOAD linker stubs
LOAD /nix/store/0w054nmny8r8c0wdl8r9zih411vi95h4-newlib-arm-none-eabi-4.3.0.20230120/arm-none-eabi/lib/libc.a
LOAD /nix/store/0w054nmny8r8c0wdl8r9zih411vi95h4-newlib-arm-none-eabi-4.3.0.20230120/arm-none-eabi/lib/libm.a
LOAD /nix/store/q4jim3b08wraad80bnjih7wh7zb0k5ld-arm-none-eabi-gcc-13.3.0/lib/gcc/arm-none-eabi/13.3.0/libgcc.a

.ARM.attributes
                0x00000000       0x2b
 .ARM.attributes
                0x00000000       0x1c /nix/store/q4jim3b08wraad80bnjih7wh7zb0k5ld-arm-none-eabi-gcc-13.3.0/lib/gcc/arm-none-eabi/13.3.0/crti.o
 .ARM.attributes
                0x0000001c       0x2a /nix/store/q4jim3b08wraad80bnjih7wh7zb0k5ld-arm-none-eabi-gcc-13.3.0/lib/gcc/arm-none-eabi/13.3.0/crtbegin.o
 .ARM.attributes
                0x00000046       0x1a /nix/store/0w054nmny8r8c0wdl8r9zih411vi95h4-newlib-arm-none-eabi-4.3.0.20230120/arm-none-eabi/lib/crt0.o
 .ARM.attributes
                0x00000060       0x2d src/c/pebble-brew.c.33.o
 .ARM.attributes
                0x0000008d       0x2d src/c/recipes.c.33.o
 .ARM.attributes
                0x000000ba       0x2d aplite/appinfo.auto.c.33.o
 .ARM.attributes
                0x000000e7       0x2d aplite/src/resource_ids.auto.c.33.o
 .ARM.attributes
                0x00000114       0x2d src/message_keys.auto.c.33.o
 .ARM.attributes
                0x00000141       0x21 /Users/edmundchan/Library/Application Support/Pebble SDK/SDKs/current/sdk-core/pebble/aplite/lib/libpebble.a(tmp7jpKUopebble.o)
 .ARM.attributes
                0x00000162       0x2a /nix/store/0w054nmny8r8c0wdl8r9zih411vi95h4-newlib-arm-none-eabi-4.3.0.20230120/arm-none-eabi/lib/libc.a(libc_a-exit.o)
 .ARM.attributes
                0x0000018c       0x2a /nix/store/0w054nmny8r8c0wdl8r9zih411vi95h4-newlib-arm-none-eabi-4.3.0.20230120/arm-none-eabi/lib/libc.a(libc_a-findfp.o)
 .ARM.attributes
                0x000001b6       0x2a /nix/store/0w054nmny8r8c0wdl8r9zih411vi95h4-newlib-arm-none-eabi-4.3.0.20230120/arm-none-eabi/lib/libc.a(libc_a-fwalk.o)
 .ARM.attributes
                0x000001e0       0x2a /nix/store/0w054nmny8r8c0wdl8r9zih411vi95h4-newlib-arm-none-eabi-4.3.0.20230120/arm-none-eabi/lib/libc.a(libc_a-stdio.o)
 .ARM.attributes
                0x0000020a       0x2a /nix/store/0w054nmny8r8c0wdl8r9zih411vi95h4-newlib-arm-none-eabi-4.3.0.20230120/arm-none-eabi/lib/libc.a(libc_a-closer.o)
 .ARM.attributes
                0x00000234       0x2a /nix/store/0w054nmny8r8c0wdl8r9zih411vi95h4-newlib-arm-none-eabi-4.3.0.20230120/arm-none-eabi/lib/libc.a(libc_a-reent.o)
 .ARM.attributes
                0x0000025e       0x2a /nix/store/0w054nmny8r8c0wdl8r9zih411vi95h4-newlib-arm-none-eabi-4.3.0.20230120/arm-none-eabi/lib/libc.a(libc_a-impure.o)
 .ARM.attributes
                0x00000288       0x2a /nix/store/0w054nmny8r8c0wdl8r9zih411vi95h4-newlib-arm-none-eabi-4.3.0.20230120/arm-none-eabi/lib/libc.a(libc_a-lseekr.o)
 .ARM.attributes
                0x000002b2       0x2a /nix/store/0w054nmny8r8c0wdl8r9zih411vi95h4-newlib-arm-none-eabi-4.3.0.20230120/arm-none-eabi/lib/libc.a(libc_a-readr.o)
 .ARM.attributes
                0x000002dc       0x2a /nix/store/0w054nmny8r8c0wdl8r9zih411vi95h4-newlib-arm-none-eabi-4.3.0.20230120/arm-none-eabi/lib/libc.a(libc_a-writer.o)
 .ARM.attributes
                0x00000306       0x2a /nix/store/0w054nmny8r8c0wdl8r9zih411vi95h4-newlib-arm-none-eabi-4.3.0.20230120/arm-none-eabi/lib/libc.a(libc_a-init.o)
 .ARM.attributes
                0x00000330       0x2a /nix/store/0w054nmny8r8c0wdl8r9zih411vi95h4-newlib-arm-none-eabi-4.3.0.20230120/arm-none-eabi/lib/libc.a(libc_a-lock.o)
 .ARM.attributes
                0x0000035a       0x2a /nix/store/0w054nmny8r8c0wdl8r9zih411vi95h4-newlib-arm-none-eabi-4.3.0.20230120/arm-none-eabi/lib/libc.a(libc_a-freer.o)
 .ARM.attributes
                0x00000384       0x2a /nix/store/0w054nmny8r8c0wdl8r9zih411vi95h4-newlib-arm-none-eabi-4.3.0.20230120/arm-none-eabi/lib/libc.a(libc_a-mallocr.o)
 .ARM.attributes
                0x000003ae       0x2a /nix/store/0w054nmny8r8c0wdl8r9zih411vi95h4-newlib-arm-none-eabi-4.3.0.20230120/arm-none-eabi/lib/libc.a(libc_a-mlock.o)
 .ARM.attributes
                0x000003d8       0x2a /nix/store/0w054nmny8r8c0wdl8r9zih411vi95h4-newlib-arm-none-eabi-4.3.0.20230120/arm-none-eabi/lib/libc.a(libc_a-fflush.o)
 .ARM.attributes
                0x00000402       0x2a /nix/store/0w054nmny8r8c0wdl8r9zih411vi95h4-newlib-arm-none-eabi-4.3.0.20230120/arm-none-eabi/lib/libc.a(libc_a-sbrkr.o)
 .ARM.attributes
                0x0000042c       0x2a /nix/store/q4jim3b08wraad80bnjih7wh7zb0k5ld-arm-none-eabi-gcc-13.3.0/lib/gcc/arm-none-eabi/13.3.0/crtend.o
 .ARM.attributes
                0x00000456       0x1c /nix/store/q4jim3b08wraad80bnjih7wh7zb0k5ld-arm-none-eabi-gcc-13.3.0/lib/gcc/arm-none-eabi/13.3.0/crtn.o

.comment        0x00000000       0x12
 .comment       0x00000000       0x12 /nix/store/q4jim3b08wraad80bnjih7wh7zb0k5ld-arm-none-eabi-gcc-13.3.0/lib/gcc/arm-none-eabi/13.3.0/crtbegin.o
                                 0x13 (size before relaxing)
 .comment       0x00000012       0x13 src/c/pebble-brew.c.33.o
 .comment       0x00000012       0x13 src/c/recipes.c.33.o
 .comment       0x00000012       0x13 aplite/appinfo.auto.c.33.o
 .comment       0x00000012       0x13 aplite/src/resource_ids.auto.c.33.o
 .comment       0x00000012       0x13 src/message_keys.auto.c.33.o
 .comment       0x00000012       0x13 /nix/store/0w054nmny8r8c0wdl8r9zih411vi95h4-newlib-arm-none-eabi-4.3.0.20230120/arm-none-eabi/lib/libc.a(libc_a-exit.o)
 .comment       0x00000012       0x13 /nix/store/0w054nmny8r8c0wdl8r9zih411vi95h4-newlib-arm-none-eabi-4.3.0.20230120/arm-none-eabi/lib/libc.a(libc_a-findfp.o)
 .comment       0x00000012       0x13 /nix/store/0w054nmny8r8c0wdl8r9zih411vi95h4-newlib-arm-none-eabi-4.3.0.20230120/arm-none-eabi/lib/libc.a(libc_a-fwalk.o)
 .comment       0x00000012       0x13 /nix/store/0w054nmny8r8c0wdl8r9zih411vi95h4-newlib-arm-none-eabi-4.3.0.20230120/arm-none-eabi/lib/libc.a(libc_a-stdio.o)
 .comment       0x00000012       0x13 /nix/store/0w054nmny8r8c0wdl8r9zih411vi95h4-newlib-arm-none-eabi-4.3.0.20230120/arm-none-eabi/lib/libc.a(libc_a-closer.o)
 .comment       0x00000012       0x13 /nix/store/0w054nmny8r8c0wdl8r9zih411vi95h4-newlib-arm-none-eabi-4.3.0.20230120/arm-none-eabi/lib/libc.a(libc_a-reent.o)
 .comment       0x00000012       0x13 /nix/store/0w054nmny8r8c0wdl8r9zih411vi95h4-newlib-arm-none-eabi-4.3.0.20230120/arm-none-eabi/lib/libc.a(libc_a-impure.o)
 .comment       0x00000012       0x13 /nix/store/0w054nmny8r8c0wdl8r9zih411vi95h4-newlib-arm-none-eabi-4.3.0.20230120/arm-none-eabi/lib/libc.a(libc_a-lseekr.o)
 .comment       0x00000012       0x13 /nix/store/0w054nmny8r8c0wdl8r9zih411vi95h4-newlib-arm-none-eabi-4.3.0.20230120/arm-none-eabi/lib/libc.a(libc_a-readr.o)
 .comment       0x00000012       0x13 /nix/store/0w054nmny8r8c0wdl8r9zih411vi95h4-newlib-arm-none-eabi-4.3.0.20230120/arm-none-eabi/lib/libc.a(libc_a-writer.o)
 .comment       0x00000012       0x13 /nix/store/0w054nmny8r8c0wdl8r9zih411vi95h4-newlib-arm-none-eabi-4.3.0.20230120/arm-none-eabi/lib/libc.a(libc_a-init.o)
 .comment       0x00000012       0x13 /nix/store/0w054nmny8r8c0wdl8r9zih411vi95h4-newlib-arm-none-eabi-4.3.0.20230120/arm-none-eabi/lib/libc.a(libc_a-lock.o)
 .comment       0x00000012       0x13 /nix/store/0w054nmny8r8c0wdl8r9zih411vi95h4-newlib-arm-none-eabi-4.3.0.20230120/arm-none-eabi/lib/libc.a(libc_a-freer.o)
 .comment       0x00000012       0x13 /nix/store/0w054nmny8r8c0wdl8r9zih411vi95h4-newlib-arm-none-eabi-4.3.0.20230120/arm-none-eabi/lib/libc.a(libc_a-mallocr.o)
 .comment       0x00000012       0x13 /nix/store/0w054nmny8r8c0wdl8r9zih411vi95h4-newlib-arm-none-eabi-4.3.0.20230120/arm-none-eabi/lib/libc.a(libc_a-mlock.o)
 .comment       0x00000012       0x13 /nix/store/0w054nmny8r8c0wdl8r9zih411vi95h4-newlib-arm-none-eabi-4.3.0.20230120/arm-none-eabi/lib/libc.a(libc_a-fflush.o)
 .comment       0x00000012       0x13 /nix/store/0w054nmny8r8c0wdl8r9zih411vi95h4-newlib-arm-none-eabi-4.3.0.20230120/arm-none-eabi/lib/libc.a(libc_a-sbrkr.o)
 .comment       0x00000012       0x13 /nix/store/q4jim3b08wraad80bnjih7wh7zb0k5ld-arm-none-eabi-gcc-13.3.0/lib/gcc/arm-none-eabi/13.3.0/crtend.o

.debug_line     0x00000000     0x3727
 .debug_line    0x00000000       0x9b /nix/store/0w054nmny8r8c0wdl8r9zih411vi95h4-newlib-arm-none-eabi-4.3.0.20230120/arm-none-eabi/lib/crt0.o
 .debug_line    0x0000009b      0x3c6 src/c/pebble-brew.c.33.o
 .debug_line    0x00000461      0x220 src/c/recipes.c.33.o
 .debug_line    0x00000681      0x19f aplite/appinfo.auto.c.33.o
 .debug_line    0x00000820       0x3f aplite/src/resource_ids.auto.c.33.o
 .debug_line    0x0000085f      0x123 src/message_keys.auto.c.33.o
 .debug_line    0x00000982      0x179 /nix/store/0w054nmny8r8c0wdl8r9zih411vi95h4-newlib-arm-none-eabi-4.3.0.20230120/arm-none-eabi/lib/libc.a(libc_a-exit.o)
 .debug_line    0x00000afb      0x726 /nix/store/0w054nmny8r8c0wdl8r9zih411vi95h4-newlib-arm-none-eabi-4.3.0.20230120/arm-none-eabi/lib/libc.a(libc_a-findfp.o)
 .debug_line    0x00001221      0x25e /nix/store/0w054nmny8r8c0wdl8r9zih411vi95h4-newlib-arm-none-eabi-4.3.0.20230120/arm-none-eabi/lib/libc.a(libc_a-fwalk.o)
 .debug_line    0x0000147f      0x2be /nix/store/0w054nmny8r8c0wdl8r9zih411vi95h4-newlib-arm-none-eabi-4.3.0.20230120/arm-none-eabi/lib/libc.a(libc_a-stdio.o)
 .debug_line    0x0000173d      0x228 /nix/store/0w054nmny8r8c0wdl8r9zih411vi95h4-newlib-arm-none-eabi-4.3.0.20230120/arm-none-eabi/lib/libc.a(libc_a-closer.o)
 .debug_line    0x00001965      0x2f2 /nix/store/0w054nmny8r8c0wdl8r9zih411vi95h4-newlib-arm-none-eabi-4.3.0.20230120/arm-none-eabi/lib/libc.a(libc_a-reent.o)
 .debug_line    0x00001c57      0x150 /nix/store/0w054nmny8r8c0wdl8r9zih411vi95h4-newlib-arm-none-eabi-4.3.0.20230120/arm-none-eabi/lib/libc.a(libc_a-impure.o)
 .debug_line    0x00001da7      0x225 /nix/store/0w054nmny8r8c0wdl8r9zih411vi95h4-newlib-arm-none-eabi-4.3.0.20230120/arm-none-eabi/lib/libc.a(libc_a-lseekr.o)
 .debug_line    0x00001fcc      0x224 /nix/store/0w054nmny8r8c0wdl8r9zih411vi95h4-newlib-arm-none-eabi-4.3.0.20230120/arm-none-eabi/lib/libc.a(libc_a-readr.o)
 .debug_line    0x000021f0      0x225 /nix/store/0w054nmny8r8c0wdl8r9zih411vi95h4-newlib-arm-none-eabi-4.3.0.20230120/arm-none-eabi/lib/libc.a(libc_a-writer.o)
 .debug_line    0x00002415      0x156 /nix/store/0w054nmny8r8c0wdl8r9zih411vi95h4-newlib-arm-none-eabi-4.3.0.20230120/arm-none-eabi/lib/libc.a(libc_a-init.o)
 .debug_line    0x0000256b       0xf4 /nix/store/0w054nmny8r8c0wdl8r9zih411vi95h4-newlib-arm-none-eabi-4.3.0.20230120/arm-none-eabi/lib/libc.a(libc_a-lock.o)
 .debug_line    0x0000265f      0x312 /nix/store/0w054nmny8r8c0wdl8r9zih411vi95h4-newlib-arm-none-eabi-4.3.0.20230120/arm-none-eabi/lib/libc.a(libc_a-freer.o)
 .debug_line    0x00002971      0x507 /nix/store/0w054nmny8r8c0wdl8r9zih411vi95h4-newlib-arm-none-eabi-4.3.0.20230120/arm-none-eabi/lib/libc.a(libc_a-mallocr.o)
 .debug_line    0x00002e78      0x1f6 /nix/store/0w054nmny8r8c0wdl8r9zih411vi95h4-newlib-arm-none-eabi-4.3.0.20230120/arm-none-eabi/lib/libc.a(libc_a-mlock.o)
 .debug_line    0x0000306e      0x48d /nix/store/0w054nmny8r8c0wdl8r9zih411vi95h4-newlib-arm-none-eabi-4.3.0.20230120/arm-none-eabi/lib/libc.a(libc_a-fflush.o)
 .debug_line    0x000034fb      0x22c /nix/store/0w054nmny8r8c0wdl8r9zih411vi95h4-newlib-arm-none-eabi-4.3.0.20230120/arm-none-eabi/lib/libc.a(libc_a-sbrkr.o)

.debug_line_str
                0x00000000       0x8a
 .debug_line_str
                0x00000000       0x8a /nix/store/0w054nmny8r8c0wdl8r9zih411vi95h4-newlib-arm-none-eabi-4.3.0.20230120/arm-none-eabi/lib/crt0.o

.debug_info     0x00000000     0x8e9d
 .debug_info    0x00000000       0x25 /nix/store/0w054nmny8r8c0wdl8r9zih411vi95h4-newlib-arm-none-eabi-4.3.0.20230120/arm-none-eabi/lib/crt0.o
 .debug_info    0x00000025      0x690 src/c/pebble-brew.c.33.o
 .debug_info    0x000006b5      0x381 src/c/recipes.c.33.o
 .debug_info    0x00000a36      0x2fc aplite/appinfo.auto.c.33.o
 .debug_info    0x00000d32       0x6c aplite/src/resource_ids.auto.c.33.o
 .debug_info    0x00000d9e       0x96 src/message_keys.auto.c.33.o
 .debug_info    0x00000e34      0x11b /nix/store/0w054nmny8r8c0wdl8r9zih411vi95h4-newlib-arm-none-eabi-4.3.0.20230120/arm-none-eabi/lib/libc.a(libc_a-exit.o)
 .debug_info    0x00000f4f     0x10e2 /nix/store/0w054nmny8r8c0wdl8r9zih411vi95h4-newlib-arm-none-eabi-4.3.0.20230120/arm-none-eabi/lib/libc.a(libc_a-findfp.o)
 .debug_info    0x00002031      0x7d2 /nix/store/0w054nmny8r8c0wdl8r9zih411vi95h4-newlib-arm-none-eabi-4.3.0.20230120/arm-none-eabi/lib/libc.a(libc_a-fwalk.o)
 .debug_info    0x00002803      0xa7c /nix/store/0w054nmny8r8c0wdl8r9zih411vi95h4-newlib-arm-none-eabi-4.3.0.20230120/arm-none-eabi/lib/libc.a(libc_a-stdio.o)
 .debug_info    0x0000327f      0x75c /nix/store/0w054nmny8r8c0wdl8r9zih411vi95h4-newlib-arm-none-eabi-4.3.0.20230120/arm-none-eabi/lib/libc.a(libc_a-closer.o)
 .debug_info    0x000039db      0x863 /nix/store/0w054nmny8r8c0wdl8r9zih411vi95h4-newlib-arm-none-eabi-4.3.0.20230120/arm-none-eabi/lib/libc.a(libc_a-reent.o)
 .debug_info    0x0000423e      0x715 /nix/store/0w054nmny8r8c0wdl8r9zih411vi95h4-newlib-arm-none-eabi-4.3.0.20230120/arm-none-eabi/lib/libc.a(libc_a-impure.o)
 .debug_info    0x00004953      0x7a8 /nix/store/0w054nmny8r8c0wdl8r9zih411vi95h4-newlib-arm-none-eabi-4.3.0.20230120/arm-none-eabi/lib/libc.a(libc_a-lseekr.o)
 .debug_info    0x000050fb      0x7bf /nix/store/0w054nmny8r8c0wdl8r9zih411vi95h4-newlib-arm-none-eabi-4.3.0.20230120/arm-none-eabi/lib/libc.a(libc_a-readr.o)
 .debug_info    0x000058ba      0x7c5 /nix/store/0w054nmny8r8c0wdl8r9zih411vi95h4-newlib-arm-none-eabi-4.3.0.20230120/arm-none-eabi/lib/libc.a(libc_a-writer.o)
 .debug_info    0x0000607f      0x10b /nix/store/0w054nmny8r8c0wdl8r9zih411vi95h4-newlib-arm-none-eabi-4.3.0.20230120/arm-none-eabi/lib/libc.a(libc_a-init.o)
 .debug_info    0x0000618a      0x218 /nix/store/0w054nmny8r8c0wdl8r9zih411vi95h4-newlib-arm-none-eabi-4.3.0.20230120/arm-none-eabi/lib/libc.a(libc_a-lock.o)
 .debug_info    0x000063a2      0x874 /nix/store/0w054nmny8r8c0wdl8r9zih411vi95h4-newlib-arm-none-eabi-4.3.0.20230120/arm-none-eabi/lib/libc.a(libc_a-freer.o)
 .debug_info    0x00006c16      0x9ae /nix/store/0w054nmny8r8c0wdl8r9zih411vi95h4-newlib-arm-none-eabi-4.3.0.20230120/arm-none-eabi/lib/libc.a(libc_a-mallocr.o)
 .debug_info    0x000075c4      0x76b /nix/store/0w054nmny8r8c0wdl8r9zih411vi95h4-newlib-arm-none-eabi-4.3.0.20230120/arm-none-eabi/lib/libc.a(libc_a-mlock.o)
 .debug_info    0x00007d2f      0x9ec /nix/store/0w054nmny8r8c0wdl8r9zih411vi95h4-newlib-arm-none-eabi-4.3.0.20230120/arm-none-eabi/lib/libc.a(libc_a-fflush.o)
 .debug_info    0x0000871b      0x782 /nix/store/0w054nmny8r8c0wdl8r9zih411vi95h4-newlib-arm-none-eabi-4.3.0.20230120/arm-none-eabi/lib/libc.a(libc_a-sbrkr.o)

.debug_abbrev   0x00000000     0x24ec
 .debug_abbrev  0x00000000       0x14 /nix/store/0w054nmny8r8c0wdl8r9zih411vi95h4-newlib-arm-none-eabi-4.3.0.20230120/arm-none-eabi/lib/crt0.o
 .debug_abbrev  0x00000014      0x2c8 src/c/pebble-brew.c.33.o
 .debug_abbrev  0x000002dc      0x172 src/c/recipes.c.33.o
 .debug_abbrev  0x0000044e       0xb0 aplite/appinfo.auto.c.33.o
 .debug_abbrev  0x000004fe       0x26 aplite/src/resource_ids.auto.c.33.o
 .debug_abbrev  0x00000524       0x48 src/message_keys.auto.c.33.o
 .debug_abbrev  0x0000056c       0xd8 /nix/store/0w054nmny8r8c0wdl8r9zih411vi95h4-newlib-arm-none-eabi-4.3.0.20230120/arm-none-eabi/lib/libc.a(libc_a-exit.o)
 .debug_abbrev  0x00000644      0x435 /nix/store/0w054nmny8r8c0wdl8r9zih411vi95h4-newlib-arm-none-eabi-4.3.0.20230120/arm-none-eabi/lib/libc.a(libc_a-findfp.o)
 .debug_abbrev  0x00000a79      0x19b /nix/store/0w054nmny8r8c0wdl8r9zih411vi95h4-newlib-arm-none-eabi-4.3.0.20230120/arm-none-eabi/lib/libc.a(libc_a-fwalk.o)
 .debug_abbrev  0x00000c14      0x206 /nix/store/0w054nmny8r8c0wdl8r9zih411vi95h4-newlib-arm-none-eabi-4.3.0.20230120/arm-none-eabi/lib/libc.a(libc_a-stdio.o)
 .debug_abbrev  0x00000e1a      0x1b0 /nix/store/0w054nmny8r8c0wdl8r9zih411vi95h4-newlib-arm-none-eabi-4.3.0.20230120/arm-none-eabi/lib/libc.a(libc_a-closer.o)
 .debug_abbrev  0x00000fca      0x1ef /nix/store/0w054nmny8r8c0wdl8r9zih411vi95h4-newlib-arm-none-eabi-4.3.0.20230120/arm-none-eabi/lib/libc.a(libc_a-reent.o)
 .debug_abbrev  0x000011b9      0x149 /nix/store/0w054nmny8r8c0wdl8r9zih411vi95h4-newlib-arm-none-eabi-4.3.0.20230120/arm-none-eabi/lib/libc.a(libc_a-impure.o)
 .debug_abbrev  0x00001302      0x1c4 /nix/store/0w054nmny8r8c0wdl8r9zih411vi95h4-newlib-arm-none-eabi-4.3.0.20230120/arm-none-eabi/lib/libc.a(libc_a-lseekr.o)
 .debug_abbrev  0x000014c6      0x1b0 /nix/store/0w054nmny8r8c0wdl8r9zih411vi95h4-newlib-arm-none-eabi-4.3.0.20230120/arm-none-eabi/lib/libc.a(libc_a-readr.o)
 .debug_abbrev  0x00001676      0x1b5 /nix/store/0w054nmny8r8c0wdl8r9zih411vi95h4-newlib-arm-none-eabi-4.3.0.20230120/arm-none-eabi/lib/libc.a(libc_a-writer.o)
 .debug_abbrev  0x0000182b       0xc9 /nix/store/0w054nmny8r8c0wdl8r9zih411vi95h4-newlib-arm-none-eabi-4.3.0.20230120/arm-none-eabi/lib/libc.a(libc_a-init.o)
 .debug_abbrev  0x000018f4      0x115 /nix/store/0w054nmny8r8c0wdl8r9zih411vi95h4-newlib-arm-none-eabi-4.3.0.20230120/arm-none-eabi/lib/libc.a(libc_a-lock.o)
 .debug_abbrev  0x00001a09      0x238 /nix/store/0w054nmny8r8c0wdl8r9zih411vi95h4-newlib-arm-none-eabi-4.3.0.20230120/arm-none-eabi/lib/libc.a(libc_a-freer.o)
 .debug_abbrev  0x00001c41      0x26a /nix/store/0w054nmny8r8c0wdl8r9zih411vi95h4-newlib-arm-none-eabi-4.3.0.20230120/arm-none-eabi/lib/libc.a(libc_a-mallocr.o)
 .debug_abbrev  0x00001eab      0x1bc /nix/store/0w054nmny8r8c0wdl8r9zih411vi95h4-newlib-arm-none-eabi-4.3.0.20230120/arm-none-eabi/lib/libc.a(libc_a-mlock.o)
 .debug_abbrev  0x00002067      0x2ab /nix/store/0w054nmny8r8c0wdl8r9zih411vi95h4-newlib-arm-none-eabi-4.3.0.20230120/arm-none-eabi/lib/libc.a(libc_a-fflush.o)
 .debug_abbrev  0x00002312      0x1da /nix/store/0w054nmny8r8c0wdl8r9zih411vi95h4-newlib-arm-none-eabi-4.3.0.20230120/arm-none-eabi/lib/libc.a(libc_a-sbrkr.o)

.debug_aranges  0x00000000      0x300
 .debug_aranges
                0x00000000       0x20 /nix/store/0w054nmny8r8c0wdl8r9zih411vi95h4-newlib-arm-none-eabi-4.3.0.20230120/arm-none-eabi/lib/crt0.o
 .debug_aranges
                0x00000020       0x50 src/c/pebble-brew.c.33.o
 .debug_aranges
                0x00000070       0x30 src/c/recipes.c.33.o
 .debug_aranges
                0x000000a0       0x18 aplite/appinfo.auto.c.33.o
 .debug_aranges
                0x000000b8       0x18 aplite/src/resource_ids.auto.c.33.o
 .debug_aranges
                0x000000d0       0x18 src/message_keys.auto.c.33.o
 .debug_aranges
                0x000000e8       0x20 /nix/store/0w054nmny8r8c0wdl8r9zih411vi95h4-newlib-arm-none-eabi-4.3.0.20230120/arm-none-eabi/lib/libc.a(libc_a-exit.o)
 .debug_aranges
                0x00000108       0x20 /nix/store/0w054nmny8r8c0wdl8r9zih411vi95h4-newlib-arm-none-eabi-4.3.0.20230120/arm-none-eabi/lib/libc.a(libc_a-findfp.o)
 .debug_aranges
                0x00000128       0x20 /nix/store/0w054nmny8r8c0wdl8r9zih411vi95h4-newlib-arm-none-eabi-4.3.0.20230120/arm-none-eabi/lib/libc.a(libc_a-fwalk.o)
 .debug_aranges
                0x00000148       0x20 /nix/store/0w054nmny8r8c0wdl8r9zih411vi95h4-newlib-arm-none-eabi-4.3.0.20230120/arm-none-eabi/lib/libc.a(libc_a-stdio.o)
 .debug_aranges
                0x00000168       0x20 /nix/store/0w054nmny8r8c0wdl8r9zih411vi95h4-newlib-arm-none-eabi-4.3.0.20230120/arm-none-eabi/lib/libc.a(libc_a-closer.o)
 .debug_aranges
                0x00000188       0x20 /nix/store/0w054nmny8r8c0wdl8r9zih411vi95h4-newlib-arm-none-eabi-4.3.0.20230120/arm-none-eabi/lib/libc.a(libc_a-reent.o)
 .debug_aranges
                0x000001a8       0x18 /nix/store/0w054nmny8r8c0wdl8r9zih411vi95h4-newlib-arm-none-eabi-4.3.0.20230120/arm-none-eabi/lib/libc.a(libc_a-impure.o)
 .debug_aranges
                0x000001c0       0x20 /nix/store/0w054nmny8r8c0wdl8r9zih411vi95h4-newlib-arm-none-eabi-4.3.0.20230120/arm-none-eabi/lib/libc.a(libc_a-lseekr.o)
 .debug_aranges
                0x000001e0       0x20 /nix/store/0w054nmny8r8c0wdl8r9zih411vi95h4-newlib-arm-none-eabi-4.3.0.20230120/arm-none-eabi/lib/libc.a(libc_a-readr.o)
 .debug_aranges
                0x00000200       0x20 /nix/store/0w054nmny8r8c0wdl8r9zih411vi95h4-newlib-arm-none-eabi-4.3.0.20230120/arm-none-eabi/lib/libc.a(libc_a-writer.o)
 .debug_aranges
                0x00000220       0x20 /nix/store/0w054nmny8r8c0wdl8r9zih411vi95h4-newlib-arm-none-eabi-4.3.0.20230120/arm-none-eabi/lib/libc.a(libc_a-init.o)
 .debug_aranges
                0x00000240       0x20 /nix/store/0w054nmny8r8c0wdl8r9zih411vi95h4-newlib-arm-none-eabi-4.3.0.20230120/arm-none-eabi/lib/libc.a(libc_a-lock.o)
 .debug_aranges
                0x00000260       0x20 /nix/store/0w054nmny8r8c0wdl8r9zih411vi95h4-newlib-arm-none-eabi-4.3.0.20230120/arm-none-eabi/lib/libc.a(libc_a-freer.o)
 .debug_aranges
                0x00000280       0x20 /nix/store/0w054nmny8r8c0wdl8r9zih411vi95h4-newlib-arm-none-eabi-4.3.0.20230120/arm-none-eabi/lib/libc.a(libc_a-mallocr.o)
 .debug_aranges
                0x000002a0       0x20 /nix/store/0w054nmny8r8c0wdl8r9zih411vi95h4-newlib-arm-none-eabi-4.3.0.20230120/arm-none-eabi/lib/libc.a(libc_a-mlock.o)
 .debug_aranges
                0x000002c0       0x20 /nix/store/0w054nmny8r8c0wdl8r9zih411vi95h4-newlib-arm-none-eabi-4.3.0.20230120/arm-none-eabi/lib/libc.a(libc_a-fflush.o)
 .debug_aranges
                0x000002e0       0x20 /nix/store/0w054nmny8r8c0wdl8r9zih411vi95h4-newlib-arm-none-eabi-4.3.0.20230120/arm-none-eabi/lib/libc.a(libc_a-sbrkr.o)

.debug_str      0x00000000     0x14b8
 .debug_str     0x00000000     0x14b8 /nix/store/0w054nmny8r8c0wdl8r9zih411vi95h4-newlib-arm-none-eabi-4.3.0.20230120/arm-none-eabi/lib/crt0.o
                                 0x98 (size before relaxing)
 .debug_str     0x000014b8      0x4fe src/c/pebble-brew.c.33.o
 .debug_str     0x000014b8      0x337 src/c/recipes.c.33.o
 .debug_str     0x000014b8      0x3fe aplite/appinfo.auto.c.33.o
 .debug_str     0x000014b8      0x1ad aplite/src/resource_ids.auto.c.33.o
 .debug_str     0x000014b8      0x1cc src/message_keys.auto.c.33.o
 .debug_str     0x000014b8      0x1fd /nix/store/0w054nmny8r8c0wdl8r9zih411vi95h4-newlib-arm-none-eabi-4.3.0.20230120/arm-none-eabi/lib/libc.a(libc_a-exit.o)
 .debug_str     0x000014b8      0x77a /nix/store/0w054nmny8r8c0wdl8r9zih411vi95h4-newlib-arm-none-eabi-4.3.0.20230120/arm-none-eabi/lib/libc.a(libc_a-findfp.o)
 .debug_str     0x000014b8      0x507 /nix/store/0w054nmny8r8c0wdl8r9zih411vi95h4-newlib-arm-none-eabi-4.3.0.20230120/arm-none-eabi/lib/libc.a(libc_a-fwalk.o)
 .debug_str     0x000014b8      0x564 /nix/store/0w054nmny8r8c0wdl8r9zih411vi95h4-newlib-arm-none-eabi-4.3.0.20230120/arm-none-eabi/lib/libc.a(libc_a-stdio.o)
 .debug_str     0x000014b8      0x4ed /nix/store/0w054nmny8r8c0wdl8r9zih411vi95h4-newlib-arm-none-eabi-4.3.0.20230120/arm-none-eabi/lib/libc.a(libc_a-closer.o)
 .debug_str     0x000014b8      0x516 /nix/store/0w054nmny8r8c0wdl8r9zih411vi95h4-newlib-arm-none-eabi-4.3.0.20230120/arm-none-eabi/lib/libc.a(libc_a-reent.o)
 .debug_str     0x000014b8      0x4f7 /nix/store/0w054nmny8r8c0wdl8r9zih411vi95h4-newlib-arm-none-eabi-4.3.0.20230120/arm-none-eabi/lib/libc.a(libc_a-impure.o)
 .debug_str     0x000014b8      0x4fb /nix/store/0w054nmny8r8c0wdl8r9zih411vi95h4-newlib-arm-none-eabi-4.3.0.20230120/arm-none-eabi/lib/libc.a(libc_a-lseekr.o)
 .debug_str     0x000014b8      0x4fb /nix/store/0w054nmny8r8c0wdl8r9zih411vi95h4-newlib-arm-none-eabi-4.3.0.20230120/arm-none-eabi/lib/libc.a(libc_a-readr.o)
 .debug_str     0x000014b8      0x4fd /nix/store/0w054nmny8r8c0wdl8r9zih411vi95h4-newlib-arm-none-eabi-4.3.0.20230120/arm-none-eabi/lib/libc.a(libc_a-writer.o)
 .debug_str     0x000014b8      0x238 /nix/store/0w054nmny8r8c0wdl8r9zih411vi95h4-newlib-arm-none-eabi-4.3.0.20230120/arm-none-eabi/lib/libc.a(libc_a-init.o)
 .debug_str     0x000014b8      0x36e /nix/store/0w054nmny8r8c0wdl8r9zih411vi95h4-newlib-arm-none-eabi-4.3.0.20230120/arm-none-eabi/lib/libc.a(libc_a-lock.o)
 .debug_str     0x000014b8      0x577 /nix/store/0w054nmny8r8c0wdl8r9zih411vi95h4-newlib-arm-none-eabi-4.3.0.20230120/arm-none-eabi/lib/libc.a(libc_a-freer.o)
 .debug_str     0x000014b8      0x5d8 /nix/store/0w054nmny8r8c0wdl8r9zih411vi95h4-newlib-arm-none-eabi-4.3.0.20230120/arm-none-eabi/lib/libc.a(libc_a-mallocr.o)
 .debug_str     0x000014b8      0x579 /nix/store/0w054nmny8r8c0wdl8r9zih411vi95h4-newlib-arm-none-eabi-4.3.0.20230120/arm-none-eabi/lib/libc.a(libc_a-mlock.o)
 .debug_str     0x000014b8      0x5c2 /nix/store/0w054nmny8r8c0wdl8r9zih411vi95h4-newlib-arm-none-eabi-4.3.0.20230120/arm-none-eabi/lib/libc.a(libc_a-fflush.o)
 .debug_str     0x000014b8      0x500 /nix/store/0w054nmny8r8c0wdl8r9zih411vi95h4-newlib-arm-none-eabi-4.3.0.20230120/arm-none-eabi/lib/libc.a(libc_a-sbrkr.o)

.debug_loclists
                0x00000000     0x116c
 .debug_loclists
                0x00000000      0x128 src/c/pebble-brew.c.33.o
 .debug_loclists
                0x00000128       0x5d src/c/recipes.c.33.o
 .debug_loclists
                0x00000185       0x1b /nix/store/0w054nmny8r8c0wdl8r9zih411vi95h4-newlib-arm-none-eabi-4.3.0.20230120/arm-none-eabi/lib/libc.a(libc_a-exit.o)
 .debug_loclists
                0x000001a0      0x344 /nix/store/0w054nmny8r8c0wdl8r9zih411vi95h4-newlib-arm-none-eabi-4.3.0.20230120/arm-none-eabi/lib/libc.a(libc_a-findfp.o)
 .debug_loclists
                0x000004e4       0x93 /nix/store/0w054nmny8r8c0wdl8r9zih411vi95h4-newlib-arm-none-eabi-4.3.0.20230120/arm-none-eabi/lib/libc.a(libc_a-fwalk.o)
 .debug_loclists
                0x00000577      0x2aa /nix/store/0w054nmny8r8c0wdl8r9zih411vi95h4-newlib-arm-none-eabi-4.3.0.20230120/arm-none-eabi/lib/libc.a(libc_a-stdio.o)
 .debug_loclists
                0x00000821       0x4b /nix/store/0w054nmny8r8c0wdl8r9zih411vi95h4-newlib-arm-none-eabi-4.3.0.20230120/arm-none-eabi/lib/libc.a(libc_a-closer.o)
 .debug_loclists
                0x0000086c       0x7c /nix/store/0w054nmny8r8c0wdl8r9zih411vi95h4-newlib-arm-none-eabi-4.3.0.20230120/arm-none-eabi/lib/libc.a(libc_a-reent.o)
 .debug_loclists
                0x000008e8       0x89 /nix/store/0w054nmny8r8c0wdl8r9zih411vi95h4-newlib-arm-none-eabi-4.3.0.20230120/arm-none-eabi/lib/libc.a(libc_a-lseekr.o)
 .debug_loclists
                0x00000971       0x89 /nix/store/0w054nmny8r8c0wdl8r9zih411vi95h4-newlib-arm-none-eabi-4.3.0.20230120/arm-none-eabi/lib/libc.a(libc_a-readr.o)
 .debug_loclists
                0x000009fa       0x89 /nix/store/0w054nmny8r8c0wdl8r9zih411vi95h4-newlib-arm-none-eabi-4.3.0.20230120/arm-none-eabi/lib/libc.a(libc_a-writer.o)
 .debug_loclists
                0x00000a83       0x65 /nix/store/0w054nmny8r8c0wdl8r9zih411vi95h4-newlib-arm-none-eabi-4.3.0.20230120/arm-none-eabi/lib/libc.a(libc_a-init.o)
 .debug_loclists
                0x00000ae8       0x24 /nix/store/0w054nmny8r8c0wdl8r9zih411vi95h4-newlib-arm-none-eabi-4.3.0.20230120/arm-none-eabi/lib/libc.a(libc_a-lock.o)
 .debug_loclists
                0x00000b0c       0xe8 /nix/store/0w054nmny8r8c0wdl8r9zih411vi95h4-newlib-arm-none-eabi-4.3.0.20230120/arm-none-eabi/lib/libc.a(libc_a-freer.o)
 .debug_loclists
                0x00000bf4      0x24e /nix/store/0w054nmny8r8c0wdl8r9zih411vi95h4-newlib-arm-none-eabi-4.3.0.20230120/arm-none-eabi/lib/libc.a(libc_a-mallocr.o)
 .debug_loclists
                0x00000e42       0x3c /nix/store/0w054nmny8r8c0wdl8r9zih411vi95h4-newlib-arm-none-eabi-4.3.0.20230120/arm-none-eabi/lib/libc.a(libc_a-mlock.o)
 .debug_loclists
                0x00000e7e      0x28c /nix/store/0w054nmny8r8c0wdl8r9zih411vi95h4-newlib-arm-none-eabi-4.3.0.20230120/arm-none-eabi/lib/libc.a(libc_a-fflush.o)
 .debug_loclists
                0x0000110a       0x62 /nix/store/0w054nmny8r8c0wdl8r9zih411vi95h4-newlib-arm-none-eabi-4.3.0.20230120/arm-none-eabi/lib/libc.a(libc_a-sbrkr.o)

.debug_rnglists
                0x00000000      0x16e
 .debug_rnglists
                0x00000000       0x61 src/c/pebble-brew.c.33.o
 .debug_rnglists
                0x00000061       0x1f src/c/recipes.c.33.o
 .debug_rnglists
                0x00000080       0x7e /nix/store/0w054nmny8r8c0wdl8r9zih411vi95h4-newlib-arm-none-eabi-4.3.0.20230120/arm-none-eabi/lib/libc.a(libc_a-findfp.o)
 .debug_rnglists
                0x000000fe       0x16 /nix/store/0w054nmny8r8c0wdl8r9zih411vi95h4-newlib-arm-none-eabi-4.3.0.20230120/arm-none-eabi/lib/libc.a(libc_a-freer.o)
 .debug_rnglists
                0x00000114       0x21 /nix/store/0w054nmny8r8c0wdl8r9zih411vi95h4-newlib-arm-none-eabi-4.3.0.20230120/arm-none-eabi/lib/libc.a(libc_a-mallocr.o)
 .debug_rnglists
                0x00000135       0x39 /nix/store/0w054nmny8r8c0wdl8r9zih411vi95h4-newlib-arm-none-eabi-4.3.0.20230120/arm-none-eabi/lib/libc.a(libc_a-fflush.o)

.debug_frame    0x00000000      0x75c
 .debug_frame   0x00000000       0xc8 src/c/pebble-brew.c.33.o
 .debug_frame   0x000000c8       0x64 src/c/recipes.c.33.o
 .debug_frame   0x0000012c       0x28 /nix/store/0w054nmny8r8c0wdl8r9zih411vi95h4-newlib-arm-none-eabi-4.3.0.20230120/arm-none-eabi/lib/libc.a(libc_a-exit.o)
 .debug_frame   0x00000154      0x170 /nix/store/0w054nmny8r8c0wdl8r9zih411vi95h4-newlib-arm-none-eabi-4.3.0.20230120/arm-none-eabi/lib/libc.a(libc_a-findfp.o)
 .debug_frame   0x000002c4       0x40 /nix/store/0w054nmny8r8c0wdl8r9zih411vi95h4-newlib-arm-none-eabi-4.3.0.20230120/arm-none-eabi/lib/libc.a(libc_a-fwalk.o)
 .debug_frame   0x00000304       0xa0 /nix/store/0w054nmny8r8c0wdl8r9zih411vi95h4-newlib-arm-none-eabi-4.3.0.20230120/arm-none-eabi/lib/libc.a(libc_a-stdio.o)
 .debug_frame   0x000003a4       0x34 /nix/store/0w054nmny8r8c0wdl8r9zih411vi95h4-newlib-arm-none-eabi-4.3.0.20230120/arm-none-eabi/lib/libc.a(libc_a-closer.o)
 .debug_frame   0x000003d8       0x40 /nix/store/0w054nmny8r8c0wdl8r9zih411vi95h4-newlib-arm-none-eabi-4.3.0.20230120/arm-none-eabi/lib/libc.a(libc_a-reent.o)
 .debug_frame   0x00000418       0x34 /nix/store/0w054nmny8r8c0wdl8r9zih411vi95h4-newlib-arm-none-eabi-4.3.0.20230120/arm-none-eabi/lib/libc.a(libc_a-lseekr.o)
 .debug_frame   0x0000044c       0x34 /nix/store/0w054nmny8r8c0wdl8r9zih411vi95h4-newlib-arm-none-eabi-4.3.0.20230120/arm-none-eabi/lib/libc.a(libc_a-readr.o)
 .debug_frame   0x00000480       0x34 /nix/store/0w054nmny8r8c0wdl8r9zih411vi95h4-newlib-arm-none-eabi-4.3.0.20230120/arm-none-eabi/lib/libc.a(libc_a-writer.o)
 .debug_frame   0x000004b4       0x34 /nix/store/0w054nmny8r8c0wdl8r9zih411vi95h4-newlib-arm-none-eabi-4.3.0.20230120/arm-none-eabi/lib/libc.a(libc_a-init.o)
 .debug_frame   0x000004e8       0xb0 /nix/store/0w054nmny8r8c0wdl8r9zih411vi95h4-newlib-arm-none-eabi-4.3.0.20230120/arm-none-eabi/lib/libc.a(libc_a-lock.o)
 .debug_frame   0x00000598       0x40 /nix/store/0w054nmny8r8c0wdl8r9zih411vi95h4-newlib-arm-none-eabi-4.3.0.20230120/arm-none-eabi/lib/libc.a(libc_a-freer.o)
 .debug_frame   0x000005d8       0x6c /nix/store/0w054nmny8r8c0wdl8r9zih411vi95h4-newlib-arm-none-eabi-4.3.0.20230120/arm-none-eabi/lib/libc.a(libc_a-mallocr.o)
 .debug_frame   0x00000644       0x48 /nix/store/0w054nmny8r8c0wdl8r9zih411vi95h4-newlib-arm-none-eabi-4.3.0.20230120/arm-none-eabi/lib/libc.a(libc_a-mlock.o)
 .debug_frame   0x0000068c       0x94 /nix/store/0w054nmny8r8c0wdl8r9zih411vi95h4-newlib-arm-none-eabi-4.3.0.20230120/arm-none-eabi/lib/libc.a(libc_a-fflush.o)
 .debug_frame   0x00000720       0x3c /nix/store/0w054nmny8r8c0wdl8r9zih411vi95h4-newlib-arm-none-eabi-4.3.0.20230120/arm-none-eabi/lib/libc.a(libc_a-sbrkr.o)
